<html>
<body>
<pre>
<h1>µVision Build Log</h1>
<h2>Tool Versions:</h2>
IDE-Version: ¦ÌVision V5.39.0.0
Copyright (C) 2023 ARM Ltd and ARM Germany GmbH. All rights reserved.
License Information: tong tong, tong, LIC=8MZI6-DKPWW-RFLIZ-J76B5-YNS00-ALANT
 
Tool Versions:
Toolchain:       MDK-ARM Professional  Version: 5.39.0.0
Toolchain Path:  G:\gerenkesan\MCU_KaFa\Keil_v5\ARM\ARMCLANG\Bin
C Compiler:      ArmClang.exe V6.21
Assembler:       Armasm.exe V6.21
Linker/Locator:  ArmLink.exe V6.21
Library Manager: ArmAr.exe V6.21
Hex Converter:   FromElf.exe V6.21
CPU DLL:         SARMCM3.DLL V5.39.0.0
Dialog DLL:      DARMCM1.DLL V1.19.6.0
Target DLL:      CMSIS_AGDI.dll V1.33.16.0
Dialog DLL:      TARMCM1.DLL V1.14.6.0
 
<h2>Project:</h2>
G:\gerenkesan\MCU_KaFa\TI\project\examples\nortos\LP_MSPM0G3507\driverlib\project_PID_Vtiaoca_chonggou\keil\project.uvprojx
Project File Date:  06/20/2025

<h2>Output:</h2>
*** Using Compiler 'V6.21', folder: 'G:\gerenkesan\MCU_KaFa\Keil_v5\ARM\ARMCLANG\Bin'
Build target 'project'
Before Build - User command #1: G:\gerenkesan\MCU_KaFa\TI\project\tools\keil\syscfg.bat
Couldn't find Sysconfig Tool "G:\gerenkesan\MCU_KaFa\TI\project\tools\keil\sysconfig_cli.bat"
"Update the file located at <sdk path>/tools/keil/syscfg.bat"
compiling usart.c...
compiling main.c...
compiling motor.c...
compiling LCD.c...
compiling ti_msp_dl_config.c...
compiling xunji.c...
compiling Key.c...
compiling PID.c...
compiling IIC.c...
compiling MPU6050.c...
compiling inv_mpu_dmp_motion_driver.c...
compiling inv_mpu.c...
linking...
Program Size: Code=40744 RO-data=5836 RW-data=1208 ZI-data=3592  
FromELF: creating hex file...
".\Objects\project.axf" - 0 Error(s), 0 Warning(s).

<h2>Software Packages used:</h2>

Package Vendor: TexasInstruments
                https://software-dl.ti.com/msp430/esd/MSPM0-CMSIS/MSPM0G1X0X_G3X0X/latest/exports/TexasInstruments.MSPM0G1X0X_G3X0X_DFP.1.3.1.pack
                TexasInstruments::MSPM0G1X0X_G3X0X_DFP@1.3.1
                Device Family Pack for Texas Instruments MSPM0G1X0X_G3X0X Series

<h2>Collection of Component include folders:</h2>

<h2>Collection of Component Files used:</h2>
Build Time Elapsed:  00:00:03
</pre>
</body>
</html>
