Component: Arm Compiler for Embedded 6.21 Tool: armlink [5ec1fa00]

==============================================================================

Section Cross References

    startup_mspm0g350x_uvision.o(RESET) refers to startup_mspm0g350x_uvision.o(STACK) for __initial_sp
    startup_mspm0g350x_uvision.o(RESET) refers to startup_mspm0g350x_uvision.o(.text) for Reset_Handler
    startup_mspm0g350x_uvision.o(RESET) refers to main.o(.text.GROUP1_IRQHandler) for GROUP1_IRQHandler
    startup_mspm0g350x_uvision.o(RESET) refers to usart.o(.text.UART0_IRQHandler) for UART0_IRQHandler
    startup_mspm0g350x_uvision.o(RESET) refers to main.o(.text.TIMG0_IRQHandler) for TIMG0_IRQHandler
    startup_mspm0g350x_uvision.o(RESET) refers to main.o(.text.TIMG6_IRQHandler) for TIMG6_IRQHandler
    startup_mspm0g350x_uvision.o(.text) refers to entry.o(.ARM.Collect$$$$00000000) for __main
    dl_adc12.o(.text.DL_ADC12_setClockConfig) refers to dl_adc12.o(.text.DL_Common_updateReg) for DL_Common_updateReg
    dl_adc12.o(.ARM.exidx.text.DL_ADC12_setClockConfig) refers to dl_adc12.o(.text.DL_ADC12_setClockConfig) for [Anonymous Symbol]
    dl_adc12.o(.ARM.exidx.text.DL_Common_updateReg) refers to dl_adc12.o(.text.DL_Common_updateReg) for [Anonymous Symbol]
    dl_adc12.o(.ARM.exidx.text.DL_ADC12_getClockConfig) refers to dl_adc12.o(.text.DL_ADC12_getClockConfig) for [Anonymous Symbol]
    dl_aes.o(.text.DL_AES_setKey) refers to dl_aes.o(.text.DL_AES_checkAlignmentAndReturnPointer) for DL_AES_checkAlignmentAndReturnPointer
    dl_aes.o(.text.DL_AES_setKey) refers to dl_aes.o(.text.DL_AES_setKeyAligned) for DL_AES_setKeyAligned
    dl_aes.o(.ARM.exidx.text.DL_AES_setKey) refers to dl_aes.o(.text.DL_AES_setKey) for [Anonymous Symbol]
    dl_aes.o(.ARM.exidx.text.DL_AES_checkAlignmentAndReturnPointer) refers to dl_aes.o(.text.DL_AES_checkAlignmentAndReturnPointer) for [Anonymous Symbol]
    dl_aes.o(.text.DL_AES_setKeyAligned) refers to dl_aes.o(.text.DL_AES_loadDataWord) for DL_AES_loadDataWord
    dl_aes.o(.ARM.exidx.text.DL_AES_setKeyAligned) refers to dl_aes.o(.text.DL_AES_setKeyAligned) for [Anonymous Symbol]
    dl_aes.o(.ARM.exidx.text.DL_AES_loadDataWord) refers to dl_aes.o(.text.DL_AES_loadDataWord) for [Anonymous Symbol]
    dl_aes.o(.text.DL_AES_loadDataIn) refers to dl_aes.o(.text.DL_AES_checkAlignmentAndReturnPointer) for DL_AES_checkAlignmentAndReturnPointer
    dl_aes.o(.text.DL_AES_loadDataIn) refers to dl_aes.o(.text.DL_AES_loadDataInAligned) for DL_AES_loadDataInAligned
    dl_aes.o(.ARM.exidx.text.DL_AES_loadDataIn) refers to dl_aes.o(.text.DL_AES_loadDataIn) for [Anonymous Symbol]
    dl_aes.o(.text.DL_AES_loadDataInAligned) refers to dl_aes.o(.text.DL_AES_loadDataWord) for DL_AES_loadDataWord
    dl_aes.o(.ARM.exidx.text.DL_AES_loadDataInAligned) refers to dl_aes.o(.text.DL_AES_loadDataInAligned) for [Anonymous Symbol]
    dl_aes.o(.text.DL_AES_getDataOut) refers to dl_aes.o(.text.DL_AES_getDataOutAligned) for DL_AES_getDataOutAligned
    dl_aes.o(.ARM.exidx.text.DL_AES_getDataOut) refers to dl_aes.o(.text.DL_AES_getDataOut) for [Anonymous Symbol]
    dl_aes.o(.ARM.exidx.text.DL_AES_getDataOutAligned) refers to dl_aes.o(.text.DL_AES_getDataOutAligned) for [Anonymous Symbol]
    dl_aes.o(.text.DL_AES_loadXORDataIn) refers to dl_aes.o(.text.DL_AES_checkAlignmentAndReturnPointer) for DL_AES_checkAlignmentAndReturnPointer
    dl_aes.o(.text.DL_AES_loadXORDataIn) refers to dl_aes.o(.text.DL_AES_loadXORDataInAligned) for DL_AES_loadXORDataInAligned
    dl_aes.o(.ARM.exidx.text.DL_AES_loadXORDataIn) refers to dl_aes.o(.text.DL_AES_loadXORDataIn) for [Anonymous Symbol]
    dl_aes.o(.text.DL_AES_loadXORDataInAligned) refers to dl_aes.o(.text.DL_AES_loadDataWord) for DL_AES_loadDataWord
    dl_aes.o(.ARM.exidx.text.DL_AES_loadXORDataInAligned) refers to dl_aes.o(.text.DL_AES_loadXORDataInAligned) for [Anonymous Symbol]
    dl_aes.o(.text.DL_AES_loadXORDataInWithoutTrigger) refers to dl_aes.o(.text.DL_AES_checkAlignmentAndReturnPointer) for DL_AES_checkAlignmentAndReturnPointer
    dl_aes.o(.text.DL_AES_loadXORDataInWithoutTrigger) refers to dl_aes.o(.text.DL_AES_loadXORDataInWithoutTriggerAligned) for DL_AES_loadXORDataInWithoutTriggerAligned
    dl_aes.o(.ARM.exidx.text.DL_AES_loadXORDataInWithoutTrigger) refers to dl_aes.o(.text.DL_AES_loadXORDataInWithoutTrigger) for [Anonymous Symbol]
    dl_aes.o(.text.DL_AES_loadXORDataInWithoutTriggerAligned) refers to dl_aes.o(.text.DL_AES_loadDataWord) for DL_AES_loadDataWord
    dl_aes.o(.ARM.exidx.text.DL_AES_loadXORDataInWithoutTriggerAligned) refers to dl_aes.o(.text.DL_AES_loadXORDataInWithoutTriggerAligned) for [Anonymous Symbol]
    dl_aes.o(.text.DL_AES_xorData) refers to dl_aes.o(.text.DL_AES_xorDataAligned) for DL_AES_xorDataAligned
    dl_aes.o(.ARM.exidx.text.DL_AES_xorData) refers to dl_aes.o(.text.DL_AES_xorData) for [Anonymous Symbol]
    dl_aes.o(.ARM.exidx.text.DL_AES_xorDataAligned) refers to dl_aes.o(.text.DL_AES_xorDataAligned) for [Anonymous Symbol]
[...]
    Key_Mune_duo.Key_Munber                  0x202004c1   Data           1  key.o(.bss.Key_Mune_duo.Key_Munber)
    [Anonymous Symbol]                       0x202004c1   Section        0  key.o(.bss.Key_Mune_duo.Key_Munber)
    Key_Mune_duo.Start_flag                  0x202004c2   Data           1  key.o(.bss.Key_Mune_duo.Start_flag)
    [Anonymous Symbol]                       0x202004c2   Section        0  key.o(.bss.Key_Mune_duo.Start_flag)
    Mode_Munber_Flag                         0x202004c8   Data           1  main.o(.bss.Mode_Munber_Flag)
    [Anonymous Symbol]                       0x202004c8   Section        0  main.o(.bss.Mode_Munber_Flag)
    Read_DMP_Correct_error_data.Average_Error 0x20200504   Data           4  mpu6050.o(.bss.Read_DMP_Correct_error_data.Average_Error)
    [Anonymous Symbol]                       0x20200504   Section        0  mpu6050.o(.bss.Read_DMP_Correct_error_data.Average_Error)
    Read_DMP_Correct_error_data.Fir_Yaw      0x20200508   Data           4  mpu6050.o(.bss.Read_DMP_Correct_error_data.Fir_Yaw)
    [Anonymous Symbol]                       0x20200508   Section        0  mpu6050.o(.bss.Read_DMP_Correct_error_data.Fir_Yaw)
    Read_DMP_Correct_error_data.jisuan_error 0x2020050c   Data           4  mpu6050.o(.bss.Read_DMP_Correct_error_data.jisuan_error)
    [Anonymous Symbol]                       0x2020050c   Section        0  mpu6050.o(.bss.Read_DMP_Correct_error_data.jisuan_error)
    T1.flag                                  0x20200514   Data           1  motor.o(.bss.T1.flag)
    [Anonymous Symbol]                       0x20200514   Section        0  motor.o(.bss.T1.flag)
    T2.flag                                  0x20200515   Data           1  motor.o(.bss.T2.flag)
    [Anonymous Symbol]                       0x20200515   Section        0  motor.o(.bss.T2.flag)
    T3.flag                                  0x20200516   Data           1  motor.o(.bss.T3.flag)
    [Anonymous Symbol]                       0x20200516   Section        0  motor.o(.bss.T3.flag)
    T4.flag                                  0x20200517   Data           1  motor.o(.bss.T4.flag)
    [Anonymous Symbol]                       0x20200517   Section        0  motor.o(.bss.T4.flag)
    TIMG0_IRQHandler.Key_Munber_Flag         0x20200518   Data           1  main.o(.bss.TIMG0_IRQHandler.Key_Munber_Flag)
    [Anonymous Symbol]                       0x20200518   Section        0  main.o(.bss.TIMG0_IRQHandler.Key_Munber_Flag)
    TIMG6_IRQHandler.temp_left_AB            0x2020051a   Data           2  main.o(.bss.TIMG6_IRQHandler.temp_left_AB)
    [Anonymous Symbol]                       0x2020051a   Section        0  main.o(.bss.TIMG6_IRQHandler.temp_left_AB)
    TIMG6_IRQHandler.temp_right_AB           0x2020051c   Data           2  main.o(.bss.TIMG6_IRQHandler.temp_right_AB)
    [Anonymous Symbol]                       0x2020051c   Section        0  main.o(.bss.TIMG6_IRQHandler.temp_right_AB)
    UART0_IRQHandler.RX_jisu_static          0x2020051e   Data           2  usart.o(.bss.UART0_IRQHandler.RX_jisu_static)
    [Anonymous Symbol]                       0x2020051e   Section        0  usart.o(.bss.UART0_IRQHandler.RX_jisu_static)
    UART0_IRQHandler.Rx_Data                 0x20200520   Data           1  usart.o(.bss.UART0_IRQHandler.Rx_Data)
    [Anonymous Symbol]                       0x20200520   Section        0  usart.o(.bss.UART0_IRQHandler.Rx_Data)
    dmp                                      0x20200568   Data          16  inv_mpu_dmp_motion_driver.o(.bss.dmp)
    [Anonymous Symbol]                       0x20200568   Section        0  inv_mpu_dmp_motion_driver.o(.bss.dmp)
    motor_run_xunji.left_last                0x2020086a   Data           2  motor.o(.bss.motor_run_xunji.left_last)
    [Anonymous Symbol]                       0x2020086a   Section        0  motor.o(.bss.motor_run_xunji.left_last)
    motor_run_xunji.right_last               0x2020086c   Data           2  motor.o(.bss.motor_run_xunji.right_last)
    [Anonymous Symbol]                       0x2020086c   Section        0  motor.o(.bss.motor_run_xunji.right_last)
    motor_run_xunji2.left_last               0x2020086e   Data           2  motor.o(.bss.motor_run_xunji2.left_last)
    [Anonymous Symbol]                       0x2020086e   Section        0  motor.o(.bss.motor_run_xunji2.left_last)
    motor_run_xunji2.right_last              0x20200870   Data           2  motor.o(.bss.motor_run_xunji2.right_last)
    [Anonymous Symbol]                       0x20200870   Section        0  motor.o(.bss.motor_run_xunji2.right_last)
    motor_stop.motor_stop_flag               0x20200872   Data           1  motor.o(.bss.motor_stop.motor_stop_flag)
    [Anonymous Symbol]                       0x20200872   Section        0  motor.o(.bss.motor_stop.motor_stop_flag)
    STACK                                    0x202008c0   Section     2560  startup_mspm0g350x_uvision.o(STACK)

    Global Symbols

    Symbol Name                              Value     Ov Type        Size  Object(Section)

    BuildAttributes$$THM_ISAv3M$S$PE$A:L22$X:L11$S22$IEEE1$IW$~IW$USESV6$~STKCKD$USESV7$~SHL$OTIME$ROPI$IEEEX$EBA8$MICROLIB$REQ8$PRES8$EABIv2 0x00000000   Number         0  anon$$obj.o ABSOLUTE
    __Vectors                                0x00000000   Data           4  startup_mspm0g350x_uvision.o(RESET)
    __cpp_initialize__aeabi_                  - Undefined Weak Reference
    __cxa_finalize                            - Undefined Weak Reference
    _clock_init                               - Undefined Weak Reference
    _microlib_exit                            - Undefined Weak Reference
    __Vectors_End                            0x000000c0   Data           0  startup_mspm0g350x_uvision.o(RESET)
    __Vectors_Size                           0x000000c0   Number         0  startup_mspm0g350x_uvision.o ABSOLUTE
    __main                                   0x000000c1   Thumb Code     0  entry.o(.ARM.Collect$$$$00000000)
    _main_stk                                0x000000c1   Thumb Code     0  entry2.o(.ARM.Collect$$$$00000001)
    _main_scatterload                        0x000000c5   Thumb Code     0  entry5.o(.ARM.Collect$$$$00000004)
    __main_after_scatterload                 0x000000c9   Thumb Code     0  entry5.o(.ARM.Collect$$$$00000004)
    _main_clock                              0x000000c9   Thumb Code     0  entry7b.o(.ARM.Collect$$$$00000008)
    _main_cpp_init                           0x000000c9   Thumb Code     0  entry8b.o(.ARM.Collect$$$$0000000A)
    _main_init                               0x000000c9   Thumb Code     0  entry9a.o(.ARM.Collect$$$$0000000B)
    __rt_final_cpp                           0x000000d1   Thumb Code     0  entry10a.o(.ARM.Collect$$$$0000000D)
    __rt_final_exit                          0x000000d1   Thumb Code     0  entry11a.o(.ARM.Collect$$$$0000000F)
    Reset_Handler                            0x000000d5   Thumb Code     4  startup_mspm0g350x_uvision.o(.text)
    NMI_Handler                              0x000000d9   Thumb Code     2  startup_mspm0g350x_uvision.o(.text)
    HardFault_Handler                        0x000000db   Thumb Code     2  startup_mspm0g350x_uvision.o(.text)
    SVC_Handler                              0x000000dd   Thumb Code     2  startup_mspm0g350x_uvision.o(.text)
    PendSV_Handler                           0x000000df   Thumb Code     2  startup_mspm0g350x_uvision.o(.text)
    SysTick_Handler                          0x000000e1   Thumb Code     2  startup_mspm0g350x_uvision.o(.text)
    ADC0_IRQHandler                          0x000000e3   Thumb Code     0  startup_mspm0g350x_uvision.o(.text)
    ADC1_IRQHandler                          0x000000e3   Thumb Code     0  startup_mspm0g350x_uvision.o(.text)
    AES_IRQHandler                           0x000000e3   Thumb Code     0  startup_mspm0g350x_uvision.o(.text)
    CANFD0_IRQHandler                        0x000000e3   Thumb Code     0  startup_mspm0g350x_uvision.o(.text)
    DAC0_IRQHandler                          0x000000e3   Thumb Code     0  startup_mspm0g350x_uvision.o(.text)
    DMA_IRQHandler                           0x000000e3   Thumb Code     0  startup_mspm0g350x_uvision.o(.text)
    Default_Handler                          0x000000e3   Thumb Code     2  startup_mspm0g350x_uvision.o(.text)
    GROUP0_IRQHandler                        0x000000e3   Thumb Code     0  startup_mspm0g350x_uvision.o(.text)
    I2C0_IRQHandler                          0x000000e3   Thumb Code     0  startup_mspm0g350x_uvision.o(.text)
    I2C1_IRQHandler                          0x000000e3   Thumb Code     0  startup_mspm0g350x_uvision.o(.text)
    RTC_IRQHandler                           0x000000e3   Thumb Code     0  startup_mspm0g350x_uvision.o(.text)
    SPI0_IRQHandler                          0x000000e3   Thumb Code     0  startup_mspm0g350x_uvision.o(.text)
    SPI1_IRQHandler                          0x000000e3   Thumb Code     0  startup_mspm0g350x_uvision.o(.text)
    TIMA0_IRQHandler                         0x000000e3   Thumb Code     0  startup_mspm0g350x_uvision.o(.text)
    TIMA1_IRQHandler                         0x000000e3   Thumb Code     0  startup_mspm0g350x_uvision.o(.text)
    TIMG12_IRQHandler                        0x000000e3   Thumb Code     0  startup_mspm0g350x_uvision.o(.text)
    TIMG7_IRQHandler                         0x000000e3   Thumb Code     0  startup_mspm0g350x_uvision.o(.text)
    TIMG8_IRQHandler                         0x000000e3   Thumb Code     0  startup_mspm0g350x_uvision.o(.text)
    UART1_IRQHandler                         0x000000e3   Thumb Code     0  startup_mspm0g350x_uvision.o(.text)
    UART2_IRQHandler                         0x000000e3   Thumb Code     0  startup_mspm0g350x_uvision.o(.text)
    UART3_IRQHandler                         0x000000e3   Thumb Code     0  startup_mspm0g350x_uvision.o(.text)
    __aeabi_ldivmod                          0x000000e9   Thumb Code    76  ldiv.o(.text)
    __aeabi_lmul                             0x00000135   Thumb Code    48  llmul.o(.text)
    _ll_mul                                  0x00000135   Thumb Code     0  llmul.o(.text)
    __aeabi_llsl                             0x00000165   Thumb Code    32  llshl.o(.text)
    _ll_shift_l                              0x00000165   Thumb Code     0  llshl.o(.text)
    __aeabi_llsr                             0x00000185   Thumb Code    34  llushr.o(.text)
    _ll_ushift_r                             0x00000185   Thumb Code     0  llushr.o(.text)
    __aeabi_lasr                             0x000001a7   Thumb Code    38  llsshr.o(.text)
    _ll_sshift_r                             0x000001a7   Thumb Code     0  llsshr.o(.text)
    memcmp                                   0x000001cd   Thumb Code    26  memcmp.o(.text)
    __aeabi_fadd                             0x000001e7   Thumb Code   162  fadd.o(.text)
    __aeabi_fsub                             0x00000289   Thumb Code     8  fadd.o(.text)
    __aeabi_frsub                            0x00000291   Thumb Code     8  fadd.o(.text)
    __aeabi_fmul                             0x00000299   Thumb Code   122  fmul.o(.text)
    __aeabi_fdiv                             0x00000313   Thumb Code   124  fdiv.o(.text)
    __aeabi_dadd                             0x00000391   Thumb Code   328  dadd.o(.text)
    __aeabi_dsub                             0x000004d9   Thumb Code    12  dadd.o(.text)
    __aeabi_drsub                            0x000004e5   Thumb Code    12  dadd.o(.text)
    __aeabi_dmul                             0x000004f5   Thumb Code   202  dmul.o(.text)
    __aeabi_fcmple                           0x000005c5   Thumb Code    28  fcmple.o(.text)
    __aeabi_fcmplt                           0x000005e1   Thumb Code    28  fcmplt.o(.text)
    __aeabi_fcmpge                           0x000005fd   Thumb Code    28  fcmpge.o(.text)
    __aeabi_fcmpeq                           0x00000619   Thumb Code    28  fcmpeq.o(.text)
    __aeabi_i2f                              0x00000635   Thumb Code    22  fflti.o(.text)
    __aeabi_ui2f                             0x0000064b   Thumb Code    14  ffltui.o(.text)
    __aeabi_i2d                              0x00000659   Thumb Code    34  dflti.o(.text)
    __aeabi_f2iz                             0x00000681   Thumb Code    50  ffixi.o(.text)
    __aeabi_d2iz                             0x000006b5   Thumb Code    62  dfixi.o(.text)
    __aeabi_f2d                              0x000006fd   Thumb Code    40  f2d.o(.text)
    __aeabi_d2f                              0x00000725   Thumb Code    56  d2f.o(.text)
    __aeabi_uidiv                            0x0000075d   Thumb Code     0  uidiv_div0.o(.text)
    __aeabi_uidivmod                         0x0000075d   Thumb Code    62  uidiv_div0.o(.text)
    __aeabi_idiv                             0x0000079d   Thumb Code     0  idiv_div0.o(.text)
    __aeabi_idivmod                          0x0000079d   Thumb Code    74  idiv_div0.o(.text)
    __aeabi_uldivmod                         0x000007ed   Thumb Code    96  uldiv.o(.text)
    __I$use$fp                               0x0000084d   Thumb Code     0  iusefp.o(.text)
    _float_round                             0x0000084d   Thumb Code    16  fepilogue.o(.text)
    _float_epilogue                          0x0000085d   Thumb Code   114  fepilogue.o(.text)
    _double_round                            0x000008cf   Thumb Code    26  depilogue.o(.text)
    _double_epilogue                         0x000008e9   Thumb Code   164  depilogue.o(.text)
    __aeabi_ddiv                             0x0000098d   Thumb Code   234  ddiv.o(.text)
    __ARM_scalbn                             0x00000a7d   Thumb Code    44  dscalb.o(.text)
    scalbn                                   0x00000a7d   Thumb Code     0  dscalb.o(.text)
    __aeabi_d2ulz                            0x00000aa9   Thumb Code    54  dfixul.o(.text)
    __aeabi_cdcmpeq                          0x00000ae9   Thumb Code     0  cdcmple.o(.text)
    __aeabi_cdcmple                          0x00000ae9   Thumb Code    38  cdcmple.o(.text)
    __aeabi_cdrcmple                         0x00000b11   Thumb Code    38  cdrcmple.o(.text)
    __scatterload                            0x00000b39   Thumb Code    38  init.o(.text)
    __scatterload_rt2                        0x00000b39   Thumb Code     0  init.o(.text)
    _dsqrt                                   0x00000b69   Thumb Code   162  dsqrt.o(.text)
    __decompress                             0x00000c0b   Thumb Code     0  __dczerorl2.o(.text)
    __decompress1                            0x00000c0b   Thumb Code    86  __dczerorl2.o(.text)
    DL_Common_delayCycles                    0x00000c8d   Thumb Code    20  dl_common.o(.text.DL_Common_delayCycles)
    DL_SPI_init                              0x000010ed   Thumb Code    64  dl_spi.o(.text.DL_SPI_init)
    DL_SPI_setClockConfig                    0x00001199   Thumb Code    32  dl_spi.o(.text.DL_SPI_setClockConfig)
    DL_SYSCTL_configSYSPLL                   0x00001205   Thumb Code   208  dl_sysctl_mspm0g1x0x_g3x0x.o(.text.DL_SYSCTL_configSYSPLL)
    DL_SYSCTL_setHFCLKSourceHFXTParams       0x000013c1   Thumb Code    96  dl_sysctl_mspm0g1x0x_g3x0x.o(.text.DL_SYSCTL_setHFCLKSourceHFXTParams)
    DL_SYSCTL_switchMCLKfromSYSOSCtoHSCLK    0x000014c5   Thumb Code    72  dl_sysctl_mspm0g1x0x_g3x0x.o(.text.DL_SYSCTL_switchMCLKfromSYSOSCtoHSCLK)
    DL_Timer_enableCaptureCompareInputFilter 0x00001511   Thumb Code    44  dl_timer.o(.text.DL_Timer_enableCaptureCompareInputFilter)
    DL_Timer_initCompareMode                 0x0000162d   Thumb Code   176  dl_timer.o(.text.DL_Timer_initCompareMode)
    DL_Timer_initFourCCPWMMode               0x000016dd   Thumb Code   232  dl_timer.o(.text.DL_Timer_initFourCCPWMMode)
    DL_Timer_initTimerMode                   0x000017c5   Thumb Code   252  dl_timer.o(.text.DL_Timer_initTimerMode)
    DL_Timer_setCaptCompUpdateMethod         0x000019f5   Thumb Code    48  dl_timer.o(.text.DL_Timer_setCaptCompUpdateMethod)
    DL_Timer_setCaptureCompareAction         0x00001a25   Thumb Code    44  dl_timer.o(.text.DL_Timer_setCaptureCompareAction)
    DL_Timer_setCaptureCompareCtl            0x00001a59   Thumb Code    52  dl_timer.o(.text.DL_Timer_setCaptureCompareCtl)
    DL_Timer_setCaptureCompareInput          0x00001a95   Thumb Code    52  dl_timer.o(.text.DL_Timer_setCaptureCompareInput)
    DL_Timer_setCaptureCompareInputFilter    0x00001ac9   Thumb Code    54  dl_timer.o(.text.DL_Timer_setCaptureCompareInputFilter)
    DL_Timer_setCaptureCompareOutCtl         0x00001b01   Thumb Code    60  dl_timer.o(.text.DL_Timer_setCaptureCompareOutCtl)
    DL_Timer_setCaptureCompareValue          0x00001b41   Thumb Code    40  dl_timer.o(.text.DL_Timer_setCaptureCompareValue)
    DL_Timer_setClockConfig                  0x00001b6d   Thumb Code    44  dl_timer.o(.text.DL_Timer_setClockConfig)
    DL_UART_init                             0x00001c95   Thumb Code    68  dl_uart.o(.text.DL_UART_init)
    DL_UART_setClockConfig                   0x00001d6d   Thumb Code    32  dl_uart.o(.text.DL_UART_setClockConfig)
    DMP_Init                                 0x00001dc5   Thumb Code   220  mpu6050.o(.text.DMP_Init)
    GROUP1_IRQHandler                        0x00001ec5   Thumb Code    48  main.o(.text.GROUP1_IRQHandler)
    I2C_ReadOneByte                          0x00001f09   Thumb Code   120  iic.o(.text.I2C_ReadOneByte)
    IIC_Read8                                0x00001f81   Thumb Code   132  iic.o(.text.IIC_Read8)
    IIC_Read_ASK                             0x00002005   Thumb Code   104  iic.o(.text.IIC_Read_ASK)
    IIC_Sand                                 0x0000206d   Thumb Code   144  iic.o(.text.IIC_Sand)
    IIC_Sand_ASK                             0x000020fd   Thumb Code   128  iic.o(.text.IIC_Sand_ASK)
    IIC_Start                                0x0000217d   Thumb Code    84  iic.o(.text.IIC_Start)
    IIC_Stop                                 0x000021d1   Thumb Code    64  iic.o(.text.IIC_Stop)
    IICreadByte                              0x00002215   Thumb Code    36  iic.o(.text.IICreadByte)
    IICwriteBit                              0x00002239   Thumb Code   106  iic.o(.text.IICwriteBit)
    IICwriteBits                             0x000022a3   Thumb Code   156  iic.o(.text.IICwriteBits)
    IICwriteByte                             0x0000233f   Thumb Code    34  iic.o(.text.IICwriteByte)
    IICwriteBytes                            0x00002361   Thumb Code   120  iic.o(.text.IICwriteBytes)
    Inrared_Get                              0x000023d9   Thumb Code   288  xunji.o(.text.Inrared_Get)
    Key_Mune_duo                             0x00002505   Thumb Code   180  key.o(.text.Key_Mune_duo)
    LCD_Address_Set                          0x000025c9   Thumb Code    82  lcd.o(.text.LCD_Address_Set)
    LCD_DrawPoint                            0x0000261b   Thumb Code    40  lcd.o(.text.LCD_DrawPoint)
    LCD_Fill                                 0x00002643   Thumb Code   110  lcd.o(.text.LCD_Fill)
    LCD_Init                                 0x000026b1   Thumb Code   556  lcd.o(.text.LCD_Init)
    LCD_ShowChar                             0x000028ed   Thumb Code   448  lcd.o(.text.LCD_ShowChar)
    LCD_ShowFloatNum1                        0x00002ab5   Thumb Code   220  lcd.o(.text.LCD_ShowFloatNum1)
    LCD_ShowIntNum                           0x00002b91   Thumb Code   220  lcd.o(.text.LCD_ShowIntNum)
    LCD_ShowString                           0x00002c6d   Thumb Code   122  lcd.o(.text.LCD_ShowString)
    LCD_ShowUnsignedIntNum                   0x00002ce7   Thumb Code   280  lcd.o(.text.LCD_ShowUnsignedIntNum)
    LCD_Show_ErJinZhi                        0x00002dff   Thumb Code   180  lcd.o(.text.LCD_Show_ErJinZhi)
    LCD_ShowuFloatNum1                       0x00002eb5   Thumb Code   304  lcd.o(.text.LCD_ShowuFloatNum1)
    LCD_WR_CMD                               0x00002fe9   Thumb Code    44  lcd.o(.text.LCD_WR_CMD)
    LCD_WR_DATA                              0x00003015   Thumb Code    30  lcd.o(.text.LCD_WR_DATA)
    LCD_WR_DATA8                             0x00003033   Thumb Code    20  lcd.o(.text.LCD_WR_DATA8)
    LCD_Writ_Bus                             0x00003049   Thumb Code    92  lcd.o(.text.LCD_Writ_Bus)
    MPU6050_initialize                       0x000030ad   Thumb Code    46  mpu6050.o(.text.MPU6050_initialize)
    MPU6050_setClockSource                   0x000030db   Thumb Code    30  mpu6050.o(.text.MPU6050_setClockSource)
    MPU6050_setFullScaleAccelRange           0x000030f9   Thumb Code    30  mpu6050.o(.text.MPU6050_setFullScaleAccelRange)
    MPU6050_setFullScaleGyroRange            0x00003117   Thumb Code    30  mpu6050.o(.text.MPU6050_setFullScaleGyroRange)
    MPU6050_setI2CBypassEnabled              0x00003135   Thumb Code    26  mpu6050.o(.text.MPU6050_setI2CBypassEnabled)
    MPU6050_setI2CMasterModeEnabled          0x0000314f   Thumb Code    26  mpu6050.o(.text.MPU6050_setI2CMasterModeEnabled)
    MPU6050_setSleepEnabled                  0x00003169   Thumb Code    26  mpu6050.o(.text.MPU6050_setSleepEnabled)
    PID_Increment                            0x00003185   Thumb Code   564  pid.o(.text.PID_Increment)
    PID_Init                                 0x00003405   Thumb Code    60  pid.o(.text.PID_Init)
    PID_XunJi                                0x00003441   Thumb Code   492  pid.o(.text.PID_XunJi)
    PID_Zhixian                              0x00003641   Thumb Code   176  pid.o(.text.PID_Zhixian)
    Read_DMP                                 0x000036fd   Thumb Code   516  mpu6050.o(.text.Read_DMP)
    Read_DMP_Correct_error_data              0x00003915   Thumb Code   428  mpu6050.o(.text.Read_DMP_Correct_error_data)
    SYSCFG_DL_GPIO_init                      0x00003afd   Thumb Code   464  ti_msp_dl_config.o(.text.SYSCFG_DL_GPIO_init)
    SYSCFG_DL_PWM_0_init                     0x00003cdd   Thumb Code   132  ti_msp_dl_config.o(.text.SYSCFG_DL_PWM_0_init)
    SYSCFG_DL_SPI_1_init                     0x00003d69   Thumb Code    52  ti_msp_dl_config.o(.text.SYSCFG_DL_SPI_1_init)
    SYSCFG_DL_SYSCTL_init                    0x00003da5   Thumb Code   100  ti_msp_dl_config.o(.text.SYSCFG_DL_SYSCTL_init)
    SYSCFG_DL_TIMER_0_init                   0x00003e0d   Thumb Code    48  ti_msp_dl_config.o(.text.SYSCFG_DL_TIMER_0_init)
    SYSCFG_DL_TIMER_1_init                   0x00003e45   Thumb Code    52  ti_msp_dl_config.o(.text.SYSCFG_DL_TIMER_1_init)
    SYSCFG_DL_UART_0_init                    0x00003e81   Thumb Code    72  ti_msp_dl_config.o(.text.SYSCFG_DL_UART_0_init)
    SYSCFG_DL_init                           0x00003ed1   Thumb Code    80  ti_msp_dl_config.o(.text.SYSCFG_DL_init)
    SYSCFG_DL_initPower                      0x00003f35   Thumb Code   184  ti_msp_dl_config.o(.text.SYSCFG_DL_initPower)
    SYSCFG_DL_left_CAP_A_init                0x0000400d   Thumb Code    56  ti_msp_dl_config.o(.text.SYSCFG_DL_left_CAP_A_init)
    SYSCFG_DL_left_CAP_B_init                0x00004051   Thumb Code    56  ti_msp_dl_config.o(.text.SYSCFG_DL_left_CAP_B_init)
    SYSCFG_DL_right_CAP_A_init               0x00004095   Thumb Code    56  ti_msp_dl_config.o(.text.SYSCFG_DL_right_CAP_A_init)
    SYSCFG_DL_right_CAP_B_init               0x000040d9   Thumb Code    56  ti_msp_dl_config.o(.text.SYSCFG_DL_right_CAP_B_init)
    T1                                       0x0000411d   Thumb Code   136  motor.o(.text.T1)
    T2                                       0x000041a9   Thumb Code   236  motor.o(.text.T2)
    T3                                       0x00004299   Thumb Code   448  motor.o(.text.T3)
    T4                                       0x0000446d   Thumb Code    84  motor.o(.text.T4)
    TIMG0_IRQHandler                         0x000044c5   Thumb Code   508  main.o(.text.TIMG0_IRQHandler)
    TIMG6_IRQHandler                         0x000046ed   Thumb Code   380  main.o(.text.TIMG6_IRQHandler)
    Turn_Place                               0x000048ad   Thumb Code   488  motor.o(.text.Turn_Place)
    UART0_IRQHandler                         0x00004ab5   Thumb Code    92  usart.o(.text.UART0_IRQHandler)
    dmp_enable_6x_lp_quat                    0x00004da9   Thumb Code    64  inv_mpu_dmp_motion_driver.o(.text.dmp_enable_6x_lp_quat)
    dmp_enable_feature                       0x00004df1   Thumb Code   608  inv_mpu_dmp_motion_driver.o(.text.dmp_enable_feature)
    dmp_enable_gyro_cal                      0x00005069   Thumb Code    80  inv_mpu_dmp_motion_driver.o(.text.dmp_enable_gyro_cal)
    dmp_enable_lp_quat                       0x000050c9   Thumb Code    64  inv_mpu_dmp_motion_driver.o(.text.dmp_enable_lp_quat)
    dmp_load_motion_driver_firmware          0x00005111   Thumb Code    20  inv_mpu_dmp_motion_driver.o(.text.dmp_load_motion_driver_firmware)
    dmp_read_fifo                            0x0000512d   Thumb Code   492  inv_mpu_dmp_motion_driver.o(.text.dmp_read_fifo)
    dmp_set_accel_bias                       0x00005321   Thumb Code   260  inv_mpu_dmp_motion_driver.o(.text.dmp_set_accel_bias)
    dmp_set_fifo_rate                        0x00005429   Thumb Code   128  inv_mpu_dmp_motion_driver.o(.text.dmp_set_fifo_rate)
    dmp_set_gyro_bias                        0x000054c1   Thumb Code   304  inv_mpu_dmp_motion_driver.o(.text.dmp_set_gyro_bias)
    dmp_set_orientation                      0x000055f9   Thumb Code   344  inv_mpu_dmp_motion_driver.o(.text.dmp_set_orientation)
    dmp_set_shake_reject_thresh              0x00005771   Thumb Code    68  inv_mpu_dmp_motion_driver.o(.text.dmp_set_shake_reject_thresh)
    dmp_set_shake_reject_time                0x000057b5   Thumb Code    50  inv_mpu_dmp_motion_driver.o(.text.dmp_set_shake_reject_time)
    dmp_set_shake_reject_timeout             0x000057e7   Thumb Code    50  inv_mpu_dmp_motion_driver.o(.text.dmp_set_shake_reject_timeout)
    dmp_set_tap_axes                         0x00005819   Thumb Code   102  inv_mpu_dmp_motion_driver.o(.text.dmp_set_tap_axes)
    dmp_set_tap_count                        0x0000587f   Thumb Code    68  inv_mpu_dmp_motion_driver.o(.text.dmp_set_tap_count)
    dmp_set_tap_thresh                       0x000058c5   Thumb Code   544  inv_mpu_dmp_motion_driver.o(.text.dmp_set_tap_thresh)
    dmp_set_tap_time                         0x00005afd   Thumb Code    48  inv_mpu_dmp_motion_driver.o(.text.dmp_set_tap_time)
    dmp_set_tap_time_multi                   0x00005b2d   Thumb Code    48  inv_mpu_dmp_motion_driver.o(.text.dmp_set_tap_time_multi)
    fputc                                    0x00005b5d   Thumb Code    40  usart.o(.text.fputc)
    i2cRead                                  0x00006259   Thumb Code   170  iic.o(.text.i2cRead)
    i2cWrite                                 0x00006303   Thumb Code   138  iic.o(.text.i2cWrite)
    line1                                    0x00006461   Thumb Code   128  motor.o(.text.line1)
    line2                                    0x000064e1   Thumb Code   140  motor.o(.text.line2)
    line3                                    0x00006575   Thumb Code   200  motor.o(.text.line3)
    line4                                    0x00006641   Thumb Code   200  motor.o(.text.line4)
    main                                     0x0000672d   Thumb Code   692  main.o(.text.main)
    motor_Left                               0x00006a39   Thumb Code   112  motor.o(.text.motor_Left)
    motor_Right                              0x00006aad   Thumb Code   104  motor.o(.text.motor_Right)
    motor_run_line                           0x00006b21   Thumb Code   140  motor.o(.text.motor_run_line)
    motor_run_xunji                          0x00006bc5   Thumb Code   332  motor.o(.text.motor_run_xunji)
    motor_run_xunji2                         0x00006d2d   Thumb Code   360  motor.o(.text.motor_run_xunji2)
    motor_stop                               0x00006eb9   Thumb Code   224  motor.o(.text.motor_stop)
    mpu_configure_fifo                       0x00006fc5   Thumb Code   184  inv_mpu.o(.text.mpu_configure_fifo)
    mpu_get_accel_fsr                        0x0000707d   Thumb Code   112  inv_mpu.o(.text.mpu_get_accel_fsr)
    mpu_get_accel_sens                       0x000070ed   Thumb Code   120  inv_mpu.o(.text.mpu_get_accel_sens)
    mpu_get_fifo_config                      0x00007169   Thumb Code    20  inv_mpu.o(.text.mpu_get_fifo_config)
    mpu_get_gyro_fsr                         0x0000717d   Thumb Code    92  inv_mpu.o(.text.mpu_get_gyro_fsr)
    mpu_get_gyro_sens                        0x000071d9   Thumb Code    92  inv_mpu.o(.text.mpu_get_gyro_sens)
    mpu_get_lpf                              0x00007245   Thumb Code   120  inv_mpu.o(.text.mpu_get_lpf)
    mpu_get_sample_rate                      0x000072bd   Thumb Code    48  inv_mpu.o(.text.mpu_get_sample_rate)
    mpu_init                                 0x000072f1   Thumb Code   512  inv_mpu.o(.text.mpu_init)
    mpu_load_firmware                        0x00007509   Thumb Code   288  inv_mpu.o(.text.mpu_load_firmware)
    mpu_lp_accel_mode                        0x0000762d   Thumb Code   268  inv_mpu.o(.text.mpu_lp_accel_mode)
    mpu_read_fifo_stream                     0x0000773d   Thumb Code   260  inv_mpu.o(.text.mpu_read_fifo_stream)
    mpu_read_mem                             0x00007841   Thumb Code   168  inv_mpu.o(.text.mpu_read_mem)
    mpu_reset_fifo                           0x000078ed   Thumb Code   540  inv_mpu.o(.text.mpu_reset_fifo)
    mpu_run_self_test                        0x00007b0d   Thumb Code   364  inv_mpu.o(.text.mpu_run_self_test)
    mpu_set_accel_fsr                        0x00007c81   Thumb Code   224  inv_mpu.o(.text.mpu_set_accel_fsr)
    mpu_set_bypass                           0x00007d65   Thumb Code   412  inv_mpu.o(.text.mpu_set_bypass)
    mpu_set_dmp_state                        0x00007f09   Thumb Code   180  inv_mpu.o(.text.mpu_set_dmp_state)
    mpu_set_gyro_fsr                         0x00007fc1   Thumb Code   192  inv_mpu.o(.text.mpu_set_gyro_fsr)
    mpu_set_int_latched                      0x00008085   Thumb Code   152  inv_mpu.o(.text.mpu_set_int_latched)
    mpu_set_lpf                              0x00008121   Thumb Code   204  inv_mpu.o(.text.mpu_set_lpf)
    mpu_set_sample_rate                      0x000081f1   Thumb Code   228  inv_mpu.o(.text.mpu_set_sample_rate)
    mpu_set_sensors                          0x000082dd   Thumb Code   300  inv_mpu.o(.text.mpu_set_sensors)
    mpu_write_mem                            0x00008411   Thumb Code   168  inv_mpu.o(.text.mpu_write_mem)
    myget_ms                                 0x000084bd   Thumb Code     8  inv_mpu.o(.text.myget_ms)
    mypow                                    0x000084c5   Thumb Code    48  lcd.o(.text.mypow)
    uart0_send_char                          0x00008659   Thumb Code    40  usart.o(.text.uart0_send_char)
    uart0_send_string                        0x00008685   Thumb Code    60  usart.o(.text.uart0_send_string)
    usart_init                               0x000086c1   Thumb Code    22  usart.o(.text.usart_init)
    wandao2_1                                0x000086d9   Thumb Code   372  motor.o(.text.wandao2_1)
    wandao2_2                                0x00008851   Thumb Code   380  motor.o(.text.wandao2_2)
    wandao3_1                                0x000089fd   Thumb Code   600  motor.o(.text.wandao3_1)
    wandao3_2                                0x00008c89   Thumb Code   616  motor.o(.text.wandao3_2)
    __0printf                                0x00008f2d   Thumb Code    24  printfa.o(i.__0printf)
    __1printf                                0x00008f2d   Thumb Code     0  printfa.o(i.__0printf)
    __2printf                                0x00008f2d   Thumb Code     0  printfa.o(i.__0printf)
    __c89printf                              0x00008f2d   Thumb Code     0  printfa.o(i.__0printf)
    printf                                   0x00008f2d   Thumb Code     0  printfa.o(i.__0printf)
    __ARM_clz                                0x00008f4d   Thumb Code    46  depilogue.o(i.__ARM_clz)
    __ARM_fpclassify                         0x00008f7d   Thumb Code    40  fpclassify.o(i.__ARM_fpclassify)
    __kernel_poly                            0x00008fa9   Thumb Code   172  poly.o(i.__kernel_poly)
    __mathlib_dbl_infnan                     0x00009055   Thumb Code    10  dunder.o(i.__mathlib_dbl_infnan)
    __mathlib_dbl_infnan2                    0x0000905f   Thumb Code     8  dunder.o(i.__mathlib_dbl_infnan2)
    __mathlib_dbl_invalid                    0x00009067   Thumb Code    16  dunder.o(i.__mathlib_dbl_invalid)
    __mathlib_dbl_underflow                  0x00009079   Thumb Code    14  dunder.o(i.__mathlib_dbl_underflow)
    __scatterload_copy                       0x00009091   Thumb Code    14  handlers.o(i.__scatterload_copy)
    __scatterload_null                       0x000090a1   Thumb Code     2  handlers.o(i.__scatterload_null)
    __scatterload_zeroinit                   0x000090a9   Thumb Code    14  handlers.o(i.__scatterload_zeroinit)
    __set_errno                              0x000090b9   Thumb Code     6  errno.o(i.__set_errno)
    asin                                     0x00009971   Thumb Code   574  asin.o(i.asin)
    atan                                     0x00009be5   Thumb Code   472  atan.o(i.atan)
    atan2                                    0x00009e01   Thumb Code   372  atan2.o(i.atan2)
    sqrt                                     0x00009f9d   Thumb Code    66  sqrt.o(i.sqrt)
    __mathlib_zero                           0x0000a0d0   Data           8  qnan.o(.constdata)
    ascii_1608                               0x0000a0d8   Data        1520  lcd.o(.rodata.ascii_1608)
    hw                                       0x0000b39c   Data          12  inv_mpu.o(.rodata.hw)
    reg                                      0x0000b3a8   Data          27  inv_mpu.o(.rodata.reg)
    test                                     0x0000b5ac   Data          40  inv_mpu.o(.rodata.test)
    Region$$Table$$Base                      0x0000b5d4   Number         0  anon$$obj.o(Region$$Table)
    Region$$Table$$Limit                     0x0000b5f4   Number         0  anon$$obj.o(Region$$Table)
    __stdout                                 0x20200000   Data           4  stdout.o(.data)
    Direction_left_flag                      0x20200008   Data           1  motor.o(.data.Direction_left_flag)
    Direction_right_flag                     0x20200009   Data           1  motor.o(.data.Direction_right_flag)
    ascii_1206                               0x2020000a   Data        1140  lcd.o(.data.ascii_1206)
    D_out                                    0x202004b8   Data           4  pid.o(.bss.D_out)
    I_out                                    0x202004bc   Data           4  pid.o(.bss.I_out)
    LED_Num                                  0x202004c3   Data           1  main.o(.bss.LED_Num)
    MPUOK_flag                               0x202004c4   Data           1  main.o(.bss.MPUOK_flag)
    MPU_ZhunBei_jisu                         0x202004c6   Data           2  main.o(.bss.MPU_ZhunBei_jisu)
    P_out                                    0x202004cc   Data           4  pid.o(.bss.P_out)
    Pitch                                    0x202004d0   Data           4  main.o(.bss.Pitch)
    Pwm_add_number                           0x202004d4   Data           4  motor.o(.bss.Pwm_add_number)
    RX_ARR                                   0x202004d8   Data          40  usart.o(.bss.RX_ARR)
    RX_jisu                                  0x20200500   Data           2  usart.o(.bss.RX_jisu)
    Roll                                     0x20200510   Data           4  main.o(.bss.Roll)
    WuCha_Munber                             0x20200522   Data           2  xunji.o(.bss.WuCha_Munber)
    XunJi_error                              0x20200524   Data          28  motor.o(.bss.XunJi_error)
    Yaw                                      0x20200540   Data           4  main.o(.bss.Yaw)
    Zhixian                                  0x20200544   Data          28  motor.o(.bss.Zhixian)
    accel                                    0x20200560   Data           6  mpu6050.o(.bss.accel)
    gPWM_0Backup                             0x20200578   Data         160  ti_msp_dl_config.o(.bss.gPWM_0Backup)
    gSPI_1Backup                             0x20200618   Data          40  ti_msp_dl_config.o(.bss.gSPI_1Backup)
    gTIMER_0Backup                           0x20200640   Data         160  ti_msp_dl_config.o(.bss.gTIMER_0Backup)
    gleft_CAP_ABackup                        0x202006e0   Data         188  ti_msp_dl_config.o(.bss.gleft_CAP_ABackup)
    gleft_CAP_BBackup                        0x2020079c   Data         188  ti_msp_dl_config.o(.bss.gleft_CAP_BBackup)
    gyro                                     0x20200858   Data           6  mpu6050.o(.bss.gyro)
    kkkkkkkk                                 0x20200860   Data           4  main.o(.bss.kkkkkkkk)
    left_ZhuanSu                             0x20200864   Data           2  motor.o(.bss.left_ZhuanSu)
    left_cap                                 0x20200866   Data           2  main.o(.bss.left_cap)
    more                                     0x20200868   Data           1  mpu6050.o(.bss.more)
    pid_left                                 0x20200874   Data          28  motor.o(.bss.pid_left)
    pid_right                                0x20200890   Data          28  motor.o(.bss.pid_right)
    right_ZhuanSu                            0x202008ac   Data           2  motor.o(.bss.right_ZhuanSu)
    right_cap                                0x202008ae   Data           2  main.o(.bss.right_cap)
    sensors                                  0x202008b0   Data           2  mpu6050.o(.bss.sensors)
    start_Yaw                                0x202008b4   Data           4  motor.o(.bss.start_Yaw)
    temp_left_w                              0x202008b8   Data           2  xunji.o(.bss.temp_left_w)
    temp_right_w                             0x202008ba   Data           2  xunji.o(.bss.temp_right_w)
    __initial_sp                             0x202012c0   Data           0  startup_mspm0g350x_uvision.o(STACK)



==============================================================================

Memory Map of the image

  Image Entry point : 0x000000c1

  Load Region LR_IROM1 (Base: 0x00000000, Size: 0x0000bab0, Max: 0x00020000, ABSOLUTE, COMPRESSED[0x0000b870])

    Execution Region ER_IROM1 (Exec base: 0x00000000, Load base: 0x00000000, Size: 0x0000b5f4, Max: 0x00020000, ABSOLUTE)

    Exec Addr    Load Addr    Size         Type   Attr      Idx    E Section Name        Object

    0x00000000   0x00000000   0x000000c0   Data   RO            3    RESET               startup_mspm0g350x_uvision.o
    0x000000c0   0x000000c0   0x00000000   Code   RO         3538  * .ARM.Collect$$$$00000000  mc_p.l(entry.o)
    0x000000c0   0x000000c0   0x00000004   Code   RO         3649    .ARM.Collect$$$$00000001  mc_p.l(entry2.o)
    0x000000c4   0x000000c4   0x00000004   Code   RO         3652    .ARM.Collect$$$$00000004  mc_p.l(entry5.o)
    0x000000c8   0x000000c8   0x00000000   Code   RO         3654    .ARM.Collect$$$$00000008  mc_p.l(entry7b.o)
    0x000000c8   0x000000c8   0x00000000   Code   RO         3656    .ARM.Collect$$$$0000000A  mc_p.l(entry8b.o)
    0x000000c8   0x000000c8   0x00000008   Code   RO         3657    .ARM.Collect$$$$0000000B  mc_p.l(entry9a.o)
    0x000000d0   0x000000d0   0x00000000   Code   RO         3659    .ARM.Collect$$$$0000000D  mc_p.l(entry10a.o)
    0x000000d0   0x000000d0   0x00000000   Code   RO         3661    .ARM.Collect$$$$0000000F  mc_p.l(entry11a.o)
    0x000000d0   0x000000d0   0x00000004   Code   RO         3650    .ARM.Collect$$$$00002712  mc_p.l(entry2.o)
    0x000000d4   0x000000d4   0x00000014   Code   RO            4    .text               startup_mspm0g350x_uvision.o
    0x000000e8   0x000000e8   0x0000004c   Code   RO         3547    .text               mc_p.l(ldiv.o)
    0x00000134   0x00000134   0x00000030   Code   RO         3549    .text               mc_p.l(llmul.o)
    0x00000164   0x00000164   0x00000020   Code   RO         3551    .text               mc_p.l(llshl.o)
    0x00000184   0x00000184   0x00000022   Code   RO         3553    .text               mc_p.l(llushr.o)
    0x000001a6   0x000001a6   0x00000026   Code   RO         3555    .text               mc_p.l(llsshr.o)
    0x000001cc   0x000001cc   0x0000001a   Code   RO         3557    .text               mc_p.l(memcmp.o)
    0x000001e6   0x000001e6   0x000000b2   Code   RO         3587    .text               mf_p.l(fadd.o)
    0x00000298   0x00000298   0x0000007a   Code   RO         3589    .text               mf_p.l(fmul.o)
    0x00000312   0x00000312   0x0000007c   Code   RO         3591    .text               mf_p.l(fdiv.o)
    0x0000038e   0x0000038e   0x00000002   PAD
    0x00000390   0x00000390   0x00000164   Code   RO         3593    .text               mf_p.l(dadd.o)
    0x000004f4   0x000004f4   0x000000d0   Code   RO         3595    .text               mf_p.l(dmul.o)
    0x000005c4   0x000005c4   0x0000001c   Code   RO         3597    .text               mf_p.l(fcmple.o)
    0x000005e0   0x000005e0   0x0000001c   Code   RO         3599    .text               mf_p.l(fcmplt.o)
    0x000005fc   0x000005fc   0x0000001c   Code   RO         3601    .text               mf_p.l(fcmpge.o)
    0x00000618   0x00000618   0x0000001c   Code   RO         3605    .text               mf_p.l(fcmpeq.o)
    0x00000634   0x00000634   0x00000016   Code   RO         3607    .text               mf_p.l(fflti.o)
    0x0000064a   0x0000064a   0x0000000e   Code   RO         3609    .text               mf_p.l(ffltui.o)
    0x00000658   0x00000658   0x00000028   Code   RO         3611    .text               mf_p.l(dflti.o)
    0x00000680   0x00000680   0x00000032   Code   RO         3613    .text               mf_p.l(ffixi.o)
    0x000006b2   0x000006b2   0x00000002   PAD
    0x000006b4   0x000006b4   0x00000048   Code   RO         3615    .text               mf_p.l(dfixi.o)
    0x000006fc   0x000006fc   0x00000028   Code   RO         3617    .text               mf_p.l(f2d.o)
    0x00000724   0x00000724   0x00000038   Code   RO         3619    .text               mf_p.l(d2f.o)
    0x0000075c   0x0000075c   0x0000003e   Code   RO         3666    .text               mc_p.l(uidiv_div0.o)
    0x0000079a   0x0000079a   0x00000002   PAD
    0x0000079c   0x0000079c   0x00000050   Code   RO         3668    .text               mc_p.l(idiv_div0.o)
    0x000007ec   0x000007ec   0x00000060   Code   RO         3672    .text               mc_p.l(uldiv.o)
    0x0000084c   0x0000084c   0x00000000   Code   RO         3681    .text               mc_p.l(iusefp.o)
    0x0000084c   0x0000084c   0x00000082   Code   RO         3682    .text               mf_p.l(fepilogue.o)
    0x000008ce   0x000008ce   0x000000be   Code   RO         3684    .text               mf_p.l(depilogue.o)
    0x0000098c   0x0000098c   0x000000f0   Code   RO         3688    .text               mf_p.l(ddiv.o)
    0x00000a7c   0x00000a7c   0x0000002c   Code   RO         3690    .text               mf_p.l(dscalb.o)
    0x00000aa8   0x00000aa8   0x00000040   Code   RO         3694    .text               mf_p.l(dfixul.o)
    0x00000ae8   0x00000ae8   0x00000028   Code   RO         3696    .text               mf_p.l(cdcmple.o)
    0x00000b10   0x00000b10   0x00000028   Code   RO         3698    .text               mf_p.l(cdrcmple.o)
    0x00000b38   0x00000b38   0x00000030   Code   RO         3700    .text               mc_p.l(init.o)
    0x00000b68   0x00000b68   0x000000a2   Code   RO         3702    .text               mf_p.l(dsqrt.o)
    0x00000c0a   0x00000c0a   0x00000056   Code   RO         3712    .text               mc_p.l(__dczerorl2.o)
    0x00000c60   0x00000c60   0x0000001c   Code   RO         1164    .text.DL_CORE_configInstruction  dl_sysctl_mspm0g1x0x_g3x0x.o
    0x00000c7c   0x00000c7c   0x00000010   Code   RO         1162    .text.DL_CORE_getInstructionConfig  dl_sysctl_mspm0g1x0x_g3x0x.o
    0x00000c8c   0x00000c8c   0x00000014   Code   RO           64    .text.DL_Common_delayCycles  dl_common.o
    0x00000ca0   0x00000ca0   0x00000028   Code   RO          868    .text.DL_Common_updateReg  dl_spi.o
    0x00000cc8   0x00000cc8   0x00000028   Code   RO          962    .text.DL_Common_updateReg  dl_timer.o
    0x00000cf0   0x00000cf0   0x00000028   Code   RO         1074    .text.DL_Common_updateReg  dl_uart.o
    0x00000d18   0x00000d18   0x00000028   Code   RO         1160    .text.DL_Common_updateReg  dl_sysctl_mspm0g1x0x_g3x0x.o
    0x00000d40   0x00000d40   0x00000028   Code   RO         2952    .text.DL_Common_updateReg  ti_msp_dl_config.o
    0x00000d68   0x00000d68   0x0000001c   Code   RO         2902    .text.DL_GPIO_clearInterruptStatus  ti_msp_dl_config.o
    0x00000d84   0x00000d84   0x00000014   Code   RO         2783    .text.DL_GPIO_clearPins  main.o
    0x00000d98   0x00000d98   0x00000014   Code   RO         2906    .text.DL_GPIO_clearPins  ti_msp_dl_config.o
    0x00000dac   0x00000dac   0x00000014   Code   RO         2987    .text.DL_GPIO_clearPins  lcd.o
    0x00000dc0   0x00000dc0   0x00000014   Code   RO         3042    .text.DL_GPIO_clearPins  motor.o
    0x00000dd4   0x00000dd4   0x00000014   Code   RO         3160    .text.DL_GPIO_clearPins  xunji.o
    0x00000de8   0x00000de8   0x00000014   Code   RO         3248    .text.DL_GPIO_clearPins  iic.o
    0x00000dfc   0x00000dfc   0x0000001c   Code   RO         2904    .text.DL_GPIO_enableInterrupt  ti_msp_dl_config.o
    0x00000e18   0x00000e18   0x00000014   Code   RO         2884    .text.DL_GPIO_enableOutput  ti_msp_dl_config.o
    0x00000e2c   0x00000e2c   0x00000018   Code   RO         3246    .text.DL_GPIO_enableOutput  iic.o
    0x00000e44   0x00000e44   0x00000014   Code   RO         2870    .text.DL_GPIO_enablePower  ti_msp_dl_config.o
    0x00000e58   0x00000e58   0x00000014   Code   RO         3256    .text.DL_GPIO_initDigitalInput  iic.o
    0x00000e6c   0x00000e6c   0x00000030   Code   RO         2892    .text.DL_GPIO_initDigitalInputFeatures  ti_msp_dl_config.o
    0x00000e9c   0x00000e9c   0x00000014   Code   RO         2894    .text.DL_GPIO_initDigitalOutput  ti_msp_dl_config.o
    0x00000eb0   0x00000eb0   0x00000014   Code   RO         3242    .text.DL_GPIO_initDigitalOutput  iic.o
    0x00000ec4   0x00000ec4   0x00000014   Code   RO         2880    .text.DL_GPIO_initPeripheralAnalogFunction  ti_msp_dl_config.o
    0x00000ed8   0x00000ed8   0x00000018   Code   RO         2888    .text.DL_GPIO_initPeripheralInputFunction  ti_msp_dl_config.o
    0x00000ef0   0x00000ef0   0x00000038   Code   RO         2886    .text.DL_GPIO_initPeripheralInputFunctionFeatures  ti_msp_dl_config.o
    0x00000f28   0x00000f28   0x00000018   Code   RO         2882    .text.DL_GPIO_initPeripheralOutputFunction  ti_msp_dl_config.o
    0x00000f40   0x00000f40   0x00000038   Code   RO         2890    .text.DL_GPIO_initPeripheralOutputFunctionFeatures  ti_msp_dl_config.o
    0x00000f78   0x00000f78   0x00000016   Code   RO         3164    .text.DL_GPIO_readPins  xunji.o
    0x00000f8e   0x00000f8e   0x00000016   Code   RO         3180    .text.DL_GPIO_readPins  key.o
    0x00000fa4   0x00000fa4   0x00000016   Code   RO         3258    .text.DL_GPIO_readPins  iic.o
    0x00000fba   0x00000fba   0x00000002   PAD
    0x00000fbc   0x00000fbc   0x00000010   Code   RO         2860    .text.DL_GPIO_reset  ti_msp_dl_config.o
    0x00000fcc   0x00000fcc   0x00000014   Code   RO         2785    .text.DL_GPIO_setPins  main.o
    0x00000fe0   0x00000fe0   0x00000014   Code   RO         2896    .text.DL_GPIO_setPins  ti_msp_dl_config.o
    0x00000ff4   0x00000ff4   0x00000014   Code   RO         2995    .text.DL_GPIO_setPins  lcd.o
    0x00001008   0x00001008   0x00000014   Code   RO         3044    .text.DL_GPIO_setPins  motor.o
    0x0000101c   0x0000101c   0x00000014   Code   RO         3162    .text.DL_GPIO_setPins  xunji.o
    0x00001030   0x00001030   0x00000018   Code   RO         3244    .text.DL_GPIO_setPins  iic.o
    0x00001048   0x00001048   0x0000001c   Code   RO         2900    .text.DL_GPIO_setUpperPinsInputFilter  ti_msp_dl_config.o
    0x00001064   0x00001064   0x00000018   Code   RO         2898    .text.DL_GPIO_setUpperPinsPolarity  ti_msp_dl_config.o
    0x0000107c   0x0000107c   0x0000001c   Code   RO         2795    .text.DL_Interrupt_getPendingGroup  main.o
    0x00001098   0x00001098   0x00000014   Code   RO         2878    .text.DL_MathACL_enablePower  ti_msp_dl_config.o
    0x000010ac   0x000010ac   0x00000014   Code   RO         2868    .text.DL_MathACL_reset  ti_msp_dl_config.o
    0x000010c0   0x000010c0   0x00000014   Code   RO         2950    .text.DL_SPI_enable  ti_msp_dl_config.o
    0x000010d4   0x000010d4   0x00000018   Code   RO         2876    .text.DL_SPI_enablePower  ti_msp_dl_config.o
    0x000010ec   0x000010ec   0x00000048   Code   RO          866    .text.DL_SPI_init   dl_spi.o
    0x00001134   0x00001134   0x00000018   Code   RO         2991    .text.DL_SPI_isBusy  lcd.o
    0x0000114c   0x0000114c   0x00000014   Code   RO         2993    .text.DL_SPI_receiveData8  lcd.o
    0x00001160   0x00001160   0x00000018   Code   RO         2866    .text.DL_SPI_reset  ti_msp_dl_config.o
    0x00001178   0x00001178   0x00000020   Code   RO         2946    .text.DL_SPI_setBitRateSerialClockDivider  ti_msp_dl_config.o
    0x00001198   0x00001198   0x00000024   Code   RO          870    .text.DL_SPI_setClockConfig  dl_spi.o
    0x000011bc   0x000011bc   0x00000030   Code   RO         2948    .text.DL_SPI_setFIFOThreshold  ti_msp_dl_config.o
    0x000011ec   0x000011ec   0x00000016   Code   RO         2989    .text.DL_SPI_transmitData8  lcd.o
    0x00001202   0x00001202   0x00000002   PAD
    0x00001204   0x00001204   0x000000e8   Code   RO         1154    .text.DL_SYSCTL_configSYSPLL  dl_sysctl_mspm0g1x0x_g3x0x.o
    0x000012ec   0x000012ec   0x00000010   Code   RO         1192    .text.DL_SYSCTL_disableHFCLKStartupMonitor  dl_sysctl_mspm0g1x0x_g3x0x.o
    0x000012fc   0x000012fc   0x0000000c   Code   RO         1182    .text.DL_SYSCTL_disableHFXT  dl_sysctl_mspm0g1x0x_g3x0x.o
    0x00001308   0x00001308   0x0000000c   Code   RO         2914    .text.DL_SYSCTL_disableHFXT  ti_msp_dl_config.o
    0x00001314   0x00001314   0x00000010   Code   RO         1156    .text.DL_SYSCTL_disableSYSPLL  dl_sysctl_mspm0g1x0x_g3x0x.o
    0x00001324   0x00001324   0x00000010   Code   RO         2916    .text.DL_SYSCTL_disableSYSPLL  ti_msp_dl_config.o
    0x00001334   0x00001334   0x00000010   Code   RO         1188    .text.DL_SYSCTL_enableHFCLKStartupMonitor  dl_sysctl_mspm0g1x0x_g3x0x.o
    0x00001344   0x00001344   0x00000010   Code   RO         2922    .text.DL_SYSCTL_enableMFCLK  ti_msp_dl_config.o
    0x00001354   0x00001354   0x00000010   Code   RO         2924    .text.DL_SYSCTL_enableMFPCLK  ti_msp_dl_config.o
    0x00001364   0x00001364   0x0000000c   Code   RO         1158    .text.DL_SYSCTL_getClockStatus  dl_sysctl_mspm0g1x0x_g3x0x.o
    0x00001370   0x00001370   0x00000018   Code   RO         2908    .text.DL_SYSCTL_setBORThreshold  ti_msp_dl_config.o
    0x00001388   0x00001388   0x0000001c   Code   RO         2910    .text.DL_SYSCTL_setFlashWaitState  ti_msp_dl_config.o
    0x000013a4   0x000013a4   0x0000001c   Code   RO         2920    .text.DL_SYSCTL_setHFCLKDividerForMFPCLK  ti_msp_dl_config.o
    0x000013c0   0x000013c0   0x00000064   Code   RO         1190    .text.DL_SYSCTL_setHFCLKSourceHFXTParams  dl_sysctl_mspm0g1x0x_g3x0x.o
    0x00001424   0x00001424   0x0000001c   Code   RO         1184    .text.DL_SYSCTL_setHFXTFrequencyRange  dl_sysctl_mspm0g1x0x_g3x0x.o
    0x00001440   0x00001440   0x00000018   Code   RO         1186    .text.DL_SYSCTL_setHFXTStartupTime  dl_sysctl_mspm0g1x0x_g3x0x.o
    0x00001458   0x00001458   0x00000018   Code   RO         1176    .text.DL_SYSCTL_setHSCLKSource  dl_sysctl_mspm0g1x0x_g3x0x.o
    0x00001470   0x00001470   0x00000020   Code   RO         2926    .text.DL_SYSCTL_setMFPCLKSource  ti_msp_dl_config.o
    0x00001490   0x00001490   0x0000001c   Code   RO         2912    .text.DL_SYSCTL_setSYSOSCFreq  ti_msp_dl_config.o
    0x000014ac   0x000014ac   0x00000018   Code   RO         2918    .text.DL_SYSCTL_setULPCLKDivider  ti_msp_dl_config.o
    0x000014c4   0x000014c4   0x0000004c   Code   RO         1174    .text.DL_SYSCTL_switchMCLKfromSYSOSCtoHSCLK  dl_sysctl_mspm0g1x0x_g3x0x.o
    0x00001510   0x00001510   0x0000002c   Code   RO         1022    .text.DL_Timer_enableCaptureCompareInputFilter  dl_timer.o
    0x0000153c   0x0000153c   0x00000014   Code   RO         2932    .text.DL_Timer_enableClock  ti_msp_dl_config.o
    0x00001550   0x00001550   0x0000001c   Code   RO         2936    .text.DL_Timer_enableInterrupt  ti_msp_dl_config.o
    0x0000156c   0x0000156c   0x00000018   Code   RO         2872    .text.DL_Timer_enablePower  ti_msp_dl_config.o
    0x00001584   0x00001584   0x00000096   Code   RO          956    .text.DL_Timer_getInChanConfig  dl_timer.o
    0x0000161a   0x0000161a   0x00000012   Code   RO         2789    .text.DL_Timer_getPendingInterrupt  main.o
    0x0000162c   0x0000162c   0x000000b0   Code   RO          970    .text.DL_Timer_initCompareMode  dl_timer.o
    0x000016dc   0x000016dc   0x000000e8   Code   RO         1032    .text.DL_Timer_initFourCCPWMMode  dl_timer.o
    0x000017c4   0x000017c4   0x000000fc   Code   RO          944    .text.DL_Timer_initTimerMode  dl_timer.o
    0x000018c0   0x000018c0   0x00000110   Code   RO         1034    .text.DL_Timer_initTwoCCPWMMode  dl_timer.o
    0x000019d0   0x000019d0   0x00000010   Code   RO         2862    .text.DL_Timer_reset  ti_msp_dl_config.o
    0x000019e0   0x000019e0   0x00000014   Code   RO         2934    .text.DL_Timer_setCCPDirection  ti_msp_dl_config.o
    0x000019f4   0x000019f4   0x00000030   Code   RO          998    .text.DL_Timer_setCaptCompUpdateMethod  dl_timer.o
    0x00001a24   0x00001a24   0x00000034   Code   RO         1010    .text.DL_Timer_setCaptureCompareAction  dl_timer.o
    0x00001a58   0x00001a58   0x0000003c   Code   RO          952    .text.DL_Timer_setCaptureCompareCtl  dl_timer.o
    0x00001a94   0x00001a94   0x00000034   Code   RO          958    .text.DL_Timer_setCaptureCompareInput  dl_timer.o
    0x00001ac8   0x00001ac8   0x00000036   Code   RO         1018    .text.DL_Timer_setCaptureCompareInputFilter  dl_timer.o
    0x00001afe   0x00001afe   0x00000002   PAD
    0x00001b00   0x00001b00   0x00000040   Code   RO         1006    .text.DL_Timer_setCaptureCompareOutCtl  dl_timer.o
    0x00001b40   0x00001b40   0x0000002c   Code   RO          950    .text.DL_Timer_setCaptureCompareValue  dl_timer.o
    0x00001b6c   0x00001b6c   0x00000030   Code   RO          940    .text.DL_Timer_setClockConfig  dl_timer.o
    0x00001b9c   0x00001b9c   0x00000038   Code   RO         2930    .text.DL_Timer_setCounterControl  ti_msp_dl_config.o
    0x00001bd4   0x00001bd4   0x0000001c   Code   RO          948    .text.DL_Timer_setCounterValueAfterEnable  dl_timer.o
    0x00001bf0   0x00001bf0   0x00000018   Code   RO          946    .text.DL_Timer_setLoadValue  dl_timer.o
    0x00001c08   0x00001c08   0x00000018   Code   RO         2781    .text.DL_Timer_startCounter  main.o
    0x00001c20   0x00001c20   0x00000016   Code   RO         1072    .text.DL_UART_disable  dl_uart.o
    0x00001c36   0x00001c36   0x00000016   Code   RO         2944    .text.DL_UART_enable  ti_msp_dl_config.o
    0x00001c4c   0x00001c4c   0x0000001c   Code   RO         2942    .text.DL_UART_enableInterrupt  ti_msp_dl_config.o
    0x00001c68   0x00001c68   0x00000018   Code   RO         2874    .text.DL_UART_enablePower  ti_msp_dl_config.o
    0x00001c80   0x00001c80   0x00000012   Code   RO         3143    .text.DL_UART_getPendingInterrupt  usart.o
    0x00001c92   0x00001c92   0x00000002   PAD
    0x00001c94   0x00001c94   0x00000048   Code   RO         1070    .text.DL_UART_init  dl_uart.o
    0x00001cdc   0x00001cdc   0x00000018   Code   RO         3131    .text.DL_UART_isBusy  usart.o
    0x00001cf4   0x00001cf4   0x00000014   Code   RO         3145    .text.DL_UART_receiveData  usart.o
    0x00001d08   0x00001d08   0x00000018   Code   RO         2864    .text.DL_UART_reset  ti_msp_dl_config.o
    0x00001d20   0x00001d20   0x0000004c   Code   RO         2940    .text.DL_UART_setBaudRateDivisor  ti_msp_dl_config.o
    0x00001d6c   0x00001d6c   0x00000024   Code   RO         1076    .text.DL_UART_setClockConfig  dl_uart.o
    0x00001d90   0x00001d90   0x0000001e   Code   RO         2938    .text.DL_UART_setOversampling  ti_msp_dl_config.o
    0x00001dae   0x00001dae   0x00000016   Code   RO         3133    .text.DL_UART_transmitData  usart.o
    0x00001dc4   0x00001dc4   0x00000100   Code   RO         3309    .text.DMP_Init      mpu6050.o
    0x00001ec4   0x00001ec4   0x00000044   Code   RO         2793    .text.GROUP1_IRQHandler  main.o
    0x00001f08   0x00001f08   0x00000078   Code   RO         3268    .text.I2C_ReadOneByte  iic.o
    0x00001f80   0x00001f80   0x00000084   Code   RO         3262    .text.IIC_Read8     iic.o
    0x00002004   0x00002004   0x00000068   Code   RO         3254    .text.IIC_Read_ASK  iic.o
    0x0000206c   0x0000206c   0x00000090   Code   RO         3260    .text.IIC_Sand      iic.o
    0x000020fc   0x000020fc   0x00000080   Code   RO         3252    .text.IIC_Sand_ASK  iic.o
    0x0000217c   0x0000217c   0x00000054   Code   RO         3240    .text.IIC_Start     iic.o
    0x000021d0   0x000021d0   0x00000044   Code   RO         3250    .text.IIC_Stop      iic.o
    0x00002214   0x00002214   0x00000024   Code   RO         3274    .text.IICreadByte   iic.o
    0x00002238   0x00002238   0x0000006a   Code   RO         3280    .text.IICwriteBit   iic.o
    0x000022a2   0x000022a2   0x0000009c   Code   RO         3278    .text.IICwriteBits  iic.o
    0x0000233e   0x0000233e   0x00000022   Code   RO         3276    .text.IICwriteByte  iic.o
    0x00002360   0x00002360   0x00000078   Code   RO         3272    .text.IICwriteBytes  iic.o
    0x000023d8   0x000023d8   0x0000012c   Code   RO         3158    .text.Inrared_Get   xunji.o
    0x00002504   0x00002504   0x000000c4   Code   RO         3184    .text.Key_Mune_duo  key.o
    0x000025c8   0x000025c8   0x00000052   Code   RO         3003    .text.LCD_Address_Set  lcd.o
    0x0000261a   0x0000261a   0x00000028   Code   RO         3009    .text.LCD_DrawPoint  lcd.o
    0x00002642   0x00002642   0x0000006e   Code   RO         3007    .text.LCD_Fill      lcd.o
    0x000026b0   0x000026b0   0x0000023c   Code   RO         3005    .text.LCD_Init      lcd.o
    0x000028ec   0x000028ec   0x000001c8   Code   RO         3011    .text.LCD_ShowChar  lcd.o
    0x00002ab4   0x00002ab4   0x000000dc   Code   RO         3027    .text.LCD_ShowFloatNum1  lcd.o
    0x00002b90   0x00002b90   0x000000dc   Code   RO         3021    .text.LCD_ShowIntNum  lcd.o
    0x00002c6c   0x00002c6c   0x0000007a   Code   RO         3013    .text.LCD_ShowString  lcd.o
    0x00002ce6   0x00002ce6   0x00000118   Code   RO         3019    .text.LCD_ShowUnsignedIntNum  lcd.o
    0x00002dfe   0x00002dfe   0x000000b4   Code   RO         3029    .text.LCD_Show_ErJinZhi  lcd.o
    0x00002eb2   0x00002eb2   0x00000002   PAD
    0x00002eb4   0x00002eb4   0x00000134   Code   RO         3025    .text.LCD_ShowuFloatNum1  lcd.o
    0x00002fe8   0x00002fe8   0x0000002c   Code   RO         2997    .text.LCD_WR_CMD    lcd.o
    0x00003014   0x00003014   0x0000001e   Code   RO         2999    .text.LCD_WR_DATA   lcd.o
    0x00003032   0x00003032   0x00000014   Code   RO         3001    .text.LCD_WR_DATA8  lcd.o
    0x00003046   0x00003046   0x00000002   PAD
    0x00003048   0x00003048   0x00000064   Code   RO         2985    .text.LCD_Writ_Bus  lcd.o
    0x000030ac   0x000030ac   0x0000002e   Code   RO         3307    .text.MPU6050_initialize  mpu6050.o
    0x000030da   0x000030da   0x0000001e   Code   RO         3291    .text.MPU6050_setClockSource  mpu6050.o
    0x000030f8   0x000030f8   0x0000001e   Code   RO         3295    .text.MPU6050_setFullScaleAccelRange  mpu6050.o
    0x00003116   0x00003116   0x0000001e   Code   RO         3293    .text.MPU6050_setFullScaleGyroRange  mpu6050.o
    0x00003134   0x00003134   0x0000001a   Code   RO         3305    .text.MPU6050_setI2CBypassEnabled  mpu6050.o
    0x0000314e   0x0000314e   0x0000001a   Code   RO         3303    .text.MPU6050_setI2CMasterModeEnabled  mpu6050.o
    0x00003168   0x00003168   0x0000001a   Code   RO         3297    .text.MPU6050_setSleepEnabled  mpu6050.o
    0x00003182   0x00003182   0x00000002   PAD
    0x00003184   0x00003184   0x00000280   Code   RO         3207    .text.PID_Increment  pid.o
    0x00003404   0x00003404   0x0000003c   Code   RO         3203    .text.PID_Init      pid.o
    0x00003440   0x00003440   0x00000200   Code   RO         3211    .text.PID_XunJi     pid.o
    0x00003640   0x00003640   0x000000bc   Code   RO         3209    .text.PID_Zhixian   pid.o
    0x000036fc   0x000036fc   0x00000218   Code   RO         3317    .text.Read_DMP      mpu6050.o
    0x00003914   0x00003914   0x000001e8   Code   RO         3321    .text.Read_DMP_Correct_error_data  mpu6050.o
    0x00003afc   0x00003afc   0x000001e0   Code   RO         2834    .text.SYSCFG_DL_GPIO_init  ti_msp_dl_config.o
    0x00003cdc   0x00003cdc   0x0000008c   Code   RO         2838    .text.SYSCFG_DL_PWM_0_init  ti_msp_dl_config.o
    0x00003d68   0x00003d68   0x0000003c   Code   RO         2854    .text.SYSCFG_DL_SPI_1_init  ti_msp_dl_config.o
    0x00003da4   0x00003da4   0x00000068   Code   RO         2836    .text.SYSCFG_DL_SYSCTL_init  ti_msp_dl_config.o
    0x00003e0c   0x00003e0c   0x00000038   Code   RO         2848    .text.SYSCFG_DL_TIMER_0_init  ti_msp_dl_config.o
    0x00003e44   0x00003e44   0x0000003c   Code   RO         2850    .text.SYSCFG_DL_TIMER_1_init  ti_msp_dl_config.o
    0x00003e80   0x00003e80   0x00000050   Code   RO         2852    .text.SYSCFG_DL_UART_0_init  ti_msp_dl_config.o
    0x00003ed0   0x00003ed0   0x00000064   Code   RO         2830    .text.SYSCFG_DL_init  ti_msp_dl_config.o
    0x00003f34   0x00003f34   0x000000d8   Code   RO         2832    .text.SYSCFG_DL_initPower  ti_msp_dl_config.o
    0x0000400c   0x0000400c   0x00000044   Code   RO         2844    .text.SYSCFG_DL_left_CAP_A_init  ti_msp_dl_config.o
    0x00004050   0x00004050   0x00000044   Code   RO         2846    .text.SYSCFG_DL_left_CAP_B_init  ti_msp_dl_config.o
    0x00004094   0x00004094   0x00000044   Code   RO         2840    .text.SYSCFG_DL_right_CAP_A_init  ti_msp_dl_config.o
    0x000040d8   0x000040d8   0x00000044   Code   RO         2842    .text.SYSCFG_DL_right_CAP_B_init  ti_msp_dl_config.o
    0x0000411c   0x0000411c   0x0000008c   Code   RO         3076    .text.T1            motor.o
    0x000041a8   0x000041a8   0x000000f0   Code   RO         3078    .text.T2            motor.o
    0x00004298   0x00004298   0x000001d4   Code   RO         3086    .text.T3            motor.o
    0x0000446c   0x0000446c   0x00000058   Code   RO         3088    .text.T4            motor.o
    0x000044c4   0x000044c4   0x00000228   Code   RO         2791    .text.TIMG0_IRQHandler  main.o
    0x000046ec   0x000046ec   0x000001c0   Code   RO         2787    .text.TIMG6_IRQHandler  main.o
    0x000048ac   0x000048ac   0x00000208   Code   RO         3052    .text.Turn_Place    motor.o
    0x00004ab4   0x00004ab4   0x00000070   Code   RO         3141    .text.UART0_IRQHandler  usart.o
    0x00004b24   0x00004b24   0x0000002c   Code   RO         3125    .text.__NVIC_ClearPendingIRQ  usart.o
    0x00004b50   0x00004b50   0x00000028   Code   RO         2779    .text.__NVIC_EnableIRQ  main.o
    0x00004b78   0x00004b78   0x0000002c   Code   RO         3127    .text.__NVIC_EnableIRQ  usart.o
    0x00004ba4   0x00004ba4   0x00000084   Code   RO         2928    .text.__NVIC_SetPriority  ti_msp_dl_config.o
    0x00004c28   0x00004c28   0x0000001c   Code   RO         3311    .text.__NVIC_SystemReset  mpu6050.o
    0x00004c44   0x00004c44   0x000000dc   Code   RO         3420    .text.accel_self_test  inv_mpu.o
    0x00004d20   0x00004d20   0x00000088   Code   RO         3502    .text.decode_gesture  inv_mpu_dmp_motion_driver.o
    0x00004da8   0x00004da8   0x00000048   Code   RO         3494    .text.dmp_enable_6x_lp_quat  inv_mpu_dmp_motion_driver.o
    0x00004df0   0x00004df0   0x00000278   Code   RO         3488    .text.dmp_enable_feature  inv_mpu_dmp_motion_driver.o
    0x00005068   0x00005068   0x00000060   Code   RO         3490    .text.dmp_enable_gyro_cal  inv_mpu_dmp_motion_driver.o
    0x000050c8   0x000050c8   0x00000048   Code   RO         3492    .text.dmp_enable_lp_quat  inv_mpu_dmp_motion_driver.o
    0x00005110   0x00005110   0x0000001c   Code   RO         3452    .text.dmp_load_motion_driver_firmware  inv_mpu_dmp_motion_driver.o
    0x0000512c   0x0000512c   0x000001f4   Code   RO         3500    .text.dmp_read_fifo  inv_mpu_dmp_motion_driver.o
    0x00005320   0x00005320   0x00000108   Code   RO         3458    .text.dmp_set_accel_bias  inv_mpu_dmp_motion_driver.o
    0x00005428   0x00005428   0x00000098   Code   RO         3460    .text.dmp_set_fifo_rate  inv_mpu_dmp_motion_driver.o
    0x000054c0   0x000054c0   0x00000138   Code   RO         3456    .text.dmp_set_gyro_bias  inv_mpu_dmp_motion_driver.o
    0x000055f8   0x000055f8   0x00000178   Code   RO         3454    .text.dmp_set_orientation  inv_mpu_dmp_motion_driver.o
    0x00005770   0x00005770   0x00000044   Code   RO         3474    .text.dmp_set_shake_reject_thresh  inv_mpu_dmp_motion_driver.o
    0x000057b4   0x000057b4   0x00000032   Code   RO         3476    .text.dmp_set_shake_reject_time  inv_mpu_dmp_motion_driver.o
    0x000057e6   0x000057e6   0x00000032   Code   RO         3478    .text.dmp_set_shake_reject_timeout  inv_mpu_dmp_motion_driver.o
    0x00005818   0x00005818   0x00000066   Code   RO         3466    .text.dmp_set_tap_axes  inv_mpu_dmp_motion_driver.o
    0x0000587e   0x0000587e   0x00000044   Code   RO         3468    .text.dmp_set_tap_count  inv_mpu_dmp_motion_driver.o
    0x000058c2   0x000058c2   0x00000002   PAD
    0x000058c4   0x000058c4   0x00000238   Code   RO         3464    .text.dmp_set_tap_thresh  inv_mpu_dmp_motion_driver.o
    0x00005afc   0x00005afc   0x00000030   Code   RO         3470    .text.dmp_set_tap_time  inv_mpu_dmp_motion_driver.o
    0x00005b2c   0x00005b2c   0x00000030   Code   RO         3472    .text.dmp_set_tap_time_multi  inv_mpu_dmp_motion_driver.o
    0x00005b5c   0x00005b5c   0x0000002c   Code   RO         3139    .text.fputc         usart.o
    0x00005b88   0x00005b88   0x000000ec   Code   RO         3438    .text.get_accel_prod_shift  inv_mpu.o
    0x00005c74   0x00005c74   0x000004b4   Code   RO         3418    .text.get_st_biases  inv_mpu.o
    0x00006128   0x00006128   0x00000130   Code   RO         3422    .text.gyro_self_test  inv_mpu.o
    0x00006258   0x00006258   0x000000aa   Code   RO         3266    .text.i2cRead       iic.o
    0x00006302   0x00006302   0x0000008a   Code   RO         3264    .text.i2cWrite      iic.o
    0x0000638c   0x0000638c   0x0000003e   Code   RO         3313    .text.inv_orientation_matrix_to_scalar  mpu6050.o
    0x000063ca   0x000063ca   0x00000096   Code   RO         3325    .text.inv_row_2_scale  mpu6050.o
    0x00006460   0x00006460   0x00000080   Code   RO         3060    .text.line1         motor.o
    0x000064e0   0x000064e0   0x00000094   Code   RO         3062    .text.line2         motor.o
    0x00006574   0x00006574   0x000000cc   Code   RO         3064    .text.line3         motor.o
    0x00006640   0x00006640   0x000000ec   Code   RO         3066    .text.line4         motor.o
    0x0000672c   0x0000672c   0x0000030c   Code   RO         2777    .text.main          main.o
    0x00006a38   0x00006a38   0x00000074   Code   RO         3040    .text.motor_Left    motor.o
    0x00006aac   0x00006aac   0x00000074   Code   RO         3046    .text.motor_Right   motor.o
    0x00006b20   0x00006b20   0x000000a4   Code   RO         3050    .text.motor_run_line  motor.o
    0x00006bc4   0x00006bc4   0x00000168   Code   RO         3054    .text.motor_run_xunji  motor.o
    0x00006d2c   0x00006d2c   0x0000018c   Code   RO         3056    .text.motor_run_xunji2  motor.o
    0x00006eb8   0x00006eb8   0x0000010c   Code   RO         3048    .text.motor_stop    motor.o
    0x00006fc4   0x00006fc4   0x000000b8   Code   RO         3362    .text.mpu_configure_fifo  inv_mpu.o
    0x0000707c   0x0000707c   0x00000070   Code   RO         3386    .text.mpu_get_accel_fsr  inv_mpu.o
    0x000070ec   0x000070ec   0x0000007c   Code   RO         3398    .text.mpu_get_accel_sens  inv_mpu.o
    0x00007168   0x00007168   0x00000014   Code   RO         3400    .text.mpu_get_fifo_config  inv_mpu.o
    0x0000717c   0x0000717c   0x0000005c   Code   RO         3384    .text.mpu_get_gyro_fsr  inv_mpu.o
    0x000071d8   0x000071d8   0x0000006c   Code   RO         3396    .text.mpu_get_gyro_sens  inv_mpu.o
    0x00007244   0x00007244   0x00000078   Code   RO         3388    .text.mpu_get_lpf   inv_mpu.o
    0x000072bc   0x000072bc   0x00000034   Code   RO         3390    .text.mpu_get_sample_rate  inv_mpu.o
    0x000072f0   0x000072f0   0x00000218   Code   RO         3352    .text.mpu_init      inv_mpu.o
    0x00007508   0x00007508   0x00000124   Code   RO         3428    .text.mpu_load_firmware  inv_mpu.o
    0x0000762c   0x0000762c   0x00000110   Code   RO         3368    .text.mpu_lp_accel_mode  inv_mpu.o
    0x0000773c   0x0000773c   0x00000104   Code   RO         3410    .text.mpu_read_fifo_stream  inv_mpu.o
    0x00007840   0x00007840   0x000000ac   Code   RO         3426    .text.mpu_read_mem  inv_mpu.o
    0x000078ec   0x000078ec   0x00000220   Code   RO         3382    .text.mpu_reset_fifo  inv_mpu.o
    0x00007b0c   0x00007b0c   0x00000174   Code   RO         3414    .text.mpu_run_self_test  inv_mpu.o
    0x00007c80   0x00007c80   0x000000e4   Code   RO         3356    .text.mpu_set_accel_fsr  inv_mpu.o
    0x00007d64   0x00007d64   0x000001a4   Code   RO         3364    .text.mpu_set_bypass  inv_mpu.o
    0x00007f08   0x00007f08   0x000000b8   Code   RO         3416    .text.mpu_set_dmp_state  inv_mpu.o
    0x00007fc0   0x00007fc0   0x000000c4   Code   RO         3354    .text.mpu_set_gyro_fsr  inv_mpu.o
    0x00008084   0x00008084   0x0000009c   Code   RO         3370    .text.mpu_set_int_latched  inv_mpu.o
    0x00008120   0x00008120   0x000000d0   Code   RO         3358    .text.mpu_set_lpf   inv_mpu.o
    0x000081f0   0x000081f0   0x000000ec   Code   RO         3360    .text.mpu_set_sample_rate  inv_mpu.o
    0x000082dc   0x000082dc   0x00000134   Code   RO         3366    .text.mpu_set_sensors  inv_mpu.o
    0x00008410   0x00008410   0x000000ac   Code   RO         3424    .text.mpu_write_mem  inv_mpu.o
    0x000084bc   0x000084bc   0x00000008   Code   RO         3374    .text.myget_ms      inv_mpu.o
    0x000084c4   0x000084c4   0x00000030   Code   RO         3015    .text.mypow         lcd.o
    0x000084f4   0x000084f4   0x00000090   Code   RO         3315    .text.run_self_test  mpu6050.o
    0x00008584   0x00008584   0x000000d4   Code   RO         3402    .text.set_int_enable  inv_mpu.o
    0x00008658   0x00008658   0x0000002c   Code   RO         3129    .text.uart0_send_char  usart.o
    0x00008684   0x00008684   0x0000003c   Code   RO         3137    .text.uart0_send_string  usart.o
    0x000086c0   0x000086c0   0x00000016   Code   RO         3123    .text.usart_init    usart.o
    0x000086d6   0x000086d6   0x00000002   PAD
    0x000086d8   0x000086d8   0x00000178   Code   RO         3068    .text.wandao2_1     motor.o
    0x00008850   0x00008850   0x000001ac   Code   RO         3070    .text.wandao2_2     motor.o
    0x000089fc   0x000089fc   0x0000028c   Code   RO         3072    .text.wandao3_1     motor.o
    0x00008c88   0x00008c88   0x000002a4   Code   RO         3074    .text.wandao3_2     motor.o
    0x00008f2c   0x00008f2c   0x00000020   Code   RO         3560    i.__0printf         mc_p.l(printfa.o)
    0x00008f4c   0x00008f4c   0x0000002e   Code   RO         3686    i.__ARM_clz         mf_p.l(depilogue.o)
    0x00008f7a   0x00008f7a   0x00000002   PAD
    0x00008f7c   0x00008f7c   0x0000002c   Code   RO         3640    i.__ARM_fpclassify  m_ps.l(fpclassify.o)
    0x00008fa8   0x00008fa8   0x000000ac   Code   RO         3642    i.__kernel_poly     m_ps.l(poly.o)
    0x00009054   0x00009054   0x0000000a   Code   RO         3627    i.__mathlib_dbl_infnan  m_ps.l(dunder.o)
    0x0000905e   0x0000905e   0x00000008   Code   RO         3628    i.__mathlib_dbl_infnan2  m_ps.l(dunder.o)
    0x00009066   0x00009066   0x00000010   Code   RO         3629    i.__mathlib_dbl_invalid  m_ps.l(dunder.o)
    0x00009076   0x00009076   0x00000002   PAD
    0x00009078   0x00009078   0x00000014   Code   RO         3632    i.__mathlib_dbl_underflow  m_ps.l(dunder.o)
    0x0000908c   0x0000908c   0x00000004   PAD
    0x00009090   0x00009090   0x0000000e   Code   RO         3706    i.__scatterload_copy  mc_p.l(handlers.o)
    0x0000909e   0x0000909e   0x00000002   PAD
    0x000090a0   0x000090a0   0x00000002   Code   RO         3707    i.__scatterload_null  mc_p.l(handlers.o)
    0x000090a2   0x000090a2   0x00000006   PAD
    0x000090a8   0x000090a8   0x0000000e   Code   RO         3708    i.__scatterload_zeroinit  mc_p.l(handlers.o)
    0x000090b6   0x000090b6   0x00000002   PAD
    0x000090b8   0x000090b8   0x0000000c   Code   RO         3676    i.__set_errno       mc_p.l(errno.o)
    0x000090c4   0x000090c4   0x00000174   Code   RO         3567    i._fp_digits        mc_p.l(printfa.o)
    0x00009238   0x00009238   0x000006ec   Code   RO         3568    i._printf_core      mc_p.l(printfa.o)
    0x00009924   0x00009924   0x00000020   Code   RO         3569    i._printf_post_padding  mc_p.l(printfa.o)
    0x00009944   0x00009944   0x0000002c   Code   RO         3570    i._printf_pre_padding  mc_p.l(printfa.o)
    0x00009970   0x00009970   0x00000274   Code   RO         3526    i.asin              m_ps.l(asin.o)
    0x00009be4   0x00009be4   0x0000021c   Code   RO         3622    i.atan              m_ps.l(atan.o)
    0x00009e00   0x00009e00   0x0000019c   Code   RO         3531    i.atan2             m_ps.l(atan2.o)
    0x00009f9c   0x00009f9c   0x00000048   Code   RO         3646    i.sqrt              m_ps.l(sqrt.o)
    0x00009fe4   0x00009fe4   0x00000004   PAD
    0x00009fe8   0x00009fe8   0x00000050   Data   RO         3527    .constdata          m_ps.l(asin.o)
    0x0000a038   0x0000a038   0x00000098   Data   RO         3623    .constdata          m_ps.l(atan.o)
    0x0000a0d0   0x0000a0d0   0x00000008   Data   RO         3644    .constdata          m_ps.l(qnan.o)
    0x0000a0d8   0x0000a0d8   0x000005f0   Data   RO         3032    .rodata.ascii_1608  lcd.o
    0x0000a6c8   0x0000a6c8   0x00000bf6   Data   RO         3508    .rodata.dmp_memory  inv_mpu_dmp_motion_driver.o
    0x0000b2be   0x0000b2be   0x00000003   Data   RO         2960    .rodata.gPWM_0ClockConfig  ti_msp_dl_config.o
    0x0000b2c1   0x0000b2c1   0x00000003   PAD
    0x0000b2c4   0x0000b2c4   0x00000008   Data   RO         2961    .rodata.gPWM_0Config  ti_msp_dl_config.o
    0x0000b2cc   0x0000b2cc   0x00000002   Data   RO         2976    .rodata.gSPI_1_clockConfig  ti_msp_dl_config.o
    0x0000b2ce   0x0000b2ce   0x0000000a   Data   RO         2977    .rodata.gSPI_1_config  ti_msp_dl_config.o
    0x0000b2d8   0x0000b2d8   0x00000028   Data   RO         2959    .rodata.gSYSPLLConfig  ti_msp_dl_config.o
    0x0000b300   0x0000b300   0x00000003   Data   RO         2970    .rodata.gTIMER_0ClockConfig  ti_msp_dl_config.o
    0x0000b303   0x0000b303   0x00000001   PAD
    0x0000b304   0x0000b304   0x00000014   Data   RO         2971    .rodata.gTIMER_0TimerConfig  ti_msp_dl_config.o
    0x0000b318   0x0000b318   0x00000003   Data   RO         2972    .rodata.gTIMER_1ClockConfig  ti_msp_dl_config.o
    0x0000b31b   0x0000b31b   0x00000001   PAD
    0x0000b31c   0x0000b31c   0x00000014   Data   RO         2973    .rodata.gTIMER_1TimerConfig  ti_msp_dl_config.o
    0x0000b330   0x0000b330   0x00000002   Data   RO         2974    .rodata.gUART_0ClockConfig  ti_msp_dl_config.o
    0x0000b332   0x0000b332   0x0000000a   Data   RO         2975    .rodata.gUART_0Config  ti_msp_dl_config.o
    0x0000b33c   0x0000b33c   0x00000003   Data   RO         2966    .rodata.gleft_CAP_AClockConfig  ti_msp_dl_config.o
    0x0000b33f   0x0000b33f   0x00000001   PAD
    0x0000b340   0x0000b340   0x00000014   Data   RO         2967    .rodata.gleft_CAP_ACompareConfig  ti_msp_dl_config.o
    0x0000b354   0x0000b354   0x00000003   Data   RO         2968    .rodata.gleft_CAP_BClockConfig  ti_msp_dl_config.o
    0x0000b357   0x0000b357   0x00000001   PAD
    0x0000b358   0x0000b358   0x00000014   Data   RO         2969    .rodata.gleft_CAP_BCompareConfig  ti_msp_dl_config.o
    0x0000b36c   0x0000b36c   0x00000003   Data   RO         2962    .rodata.gright_CAP_AClockConfig  ti_msp_dl_config.o
    0x0000b36f   0x0000b36f   0x00000001   PAD
    0x0000b370   0x0000b370   0x00000014   Data   RO         2963    .rodata.gright_CAP_ACompareConfig  ti_msp_dl_config.o
    0x0000b384   0x0000b384   0x00000003   Data   RO         2964    .rodata.gright_CAP_BClockConfig  ti_msp_dl_config.o
    0x0000b387   0x0000b387   0x00000001   PAD
    0x0000b388   0x0000b388   0x00000014   Data   RO         2965    .rodata.gright_CAP_BCompareConfig  ti_msp_dl_config.o
    0x0000b39c   0x0000b39c   0x0000000c   Data   RO         3440    .rodata.hw          inv_mpu.o
    0x0000b3a8   0x0000b3a8   0x0000001b   Data   RO         3441    .rodata.reg         inv_mpu.o
    0x0000b3c3   0x0000b3c3   0x0000002a   Data   RO         2807    .rodata.str1.1      main.o
    0x0000b3ed   0x0000b3ed   0x00000129   Data   RO         3332    .rodata.str1.1      mpu6050.o
    0x0000b516   0x0000b516   0x00000093   Data   RO         3444    .rodata.str1.1      inv_mpu.o
    0x0000b5a9   0x0000b5a9   0x00000003   PAD
    0x0000b5ac   0x0000b5ac   0x00000028   Data   RO         3442    .rodata.test        inv_mpu.o
    0x0000b5d4   0x0000b5d4   0x00000020   Data   RO         3705    Region$$Table       anon$$obj.o


    Execution Region RW_IRAM2 (Exec base: 0x20200000, Load base: 0x0000b5f8, Size: 0x000012c0, Max: 0x00008000, ABSOLUTE, COMPRESSED[0x00000278])

    Exec Addr    Load Addr    Size         Type   Attr      Idx    E Section Name        Object

    0x20200000   COMPRESSED   0x00000004   Data   RW         3663    .data               mc_p.l(stdout.o)
    0x20200004   COMPRESSED   0x00000004   Data   RW         3677    .data               mc_p.l(errno.o)
    0x20200008   COMPRESSED   0x00000001   Data   RW         3094    .data.Direction_left_flag  motor.o
    0x20200009   COMPRESSED   0x00000001   Data   RW         3095    .data.Direction_right_flag  motor.o
    0x2020000a   COMPRESSED   0x00000474   Data   RW         3031    .data.ascii_1206    lcd.o
    0x2020047e   COMPRESSED   0x00000009   Data   RW         3333    .data.gyro_orientation  mpu6050.o
    0x20200487   COMPRESSED   0x00000001   Data   RW         3103    .data.motor_run_xunji.qianhuan_falg  motor.o
    0x20200488   COMPRESSED   0x00000001   Data   RW         3107    .data.motor_run_xunji2.qianhuan_falg  motor.o
    0x20200489   COMPRESSED   0x00000003   PAD
    0x2020048c   COMPRESSED   0x0000002c   Data   RW         3443    .data.st            inv_mpu.o
    0x202004b8        -       0x00000004   Zero   RW         3225    .bss.D_out          pid.o
    0x202004bc        -       0x00000004   Zero   RW         3224    .bss.I_out          pid.o
    0x202004c0        -       0x00000001   Zero   RW         3195    .bss.Key_Mune_duo.Into_munber  key.o
    0x202004c1        -       0x00000001   Zero   RW         3193    .bss.Key_Mune_duo.Key_Munber  key.o
    0x202004c2        -       0x00000001   Zero   RW         3194    .bss.Key_Mune_duo.Start_flag  key.o
    0x202004c3        -       0x00000001   Zero   RW         2797    .bss.LED_Num        main.o
    0x202004c4        -       0x00000001   Zero   RW         2803    .bss.MPUOK_flag     main.o
    0x202004c5   COMPRESSED   0x00000001   PAD
    0x202004c6        -       0x00000002   Zero   RW         2804    .bss.MPU_ZhunBei_jisu  main.o
    0x202004c8        -       0x00000001   Zero   RW         2806    .bss.Mode_Munber_Flag  main.o
    0x202004c9   COMPRESSED   0x00000003   PAD
    0x202004cc        -       0x00000004   Zero   RW         3223    .bss.P_out          pid.o
    0x202004d0        -       0x00000004   Zero   RW         2800    .bss.Pitch          main.o
    0x202004d4        -       0x00000004   Zero   RW         3111    .bss.Pwm_add_number  motor.o
    0x202004d8        -       0x00000028   Zero   RW         3150    .bss.RX_ARR         usart.o
    0x20200500        -       0x00000002   Zero   RW         3147    .bss.RX_jisu        usart.o
    0x20200502   COMPRESSED   0x00000002   PAD
    0x20200504        -       0x00000004   Zero   RW         3338    .bss.Read_DMP_Correct_error_data.Average_Error  mpu6050.o
    0x20200508        -       0x00000004   Zero   RW         3337    .bss.Read_DMP_Correct_error_data.Fir_Yaw  mpu6050.o
    0x2020050c        -       0x00000004   Zero   RW         3339    .bss.Read_DMP_Correct_error_data.jisuan_error  mpu6050.o
    0x20200510        -       0x00000004   Zero   RW         2801    .bss.Roll           main.o
    0x20200514        -       0x00000001   Zero   RW         3112    .bss.T1.flag        motor.o
    0x20200515        -       0x00000001   Zero   RW         3113    .bss.T2.flag        motor.o
    0x20200516        -       0x00000001   Zero   RW         3114    .bss.T3.flag        motor.o
    0x20200517        -       0x00000001   Zero   RW         3115    .bss.T4.flag        motor.o
    0x20200518        -       0x00000001   Zero   RW         2818    .bss.TIMG0_IRQHandler.Key_Munber_Flag  main.o
    0x20200519   COMPRESSED   0x00000001   PAD
    0x2020051a        -       0x00000002   Zero   RW         2810    .bss.TIMG6_IRQHandler.temp_left_AB  main.o
    0x2020051c        -       0x00000002   Zero   RW         2809    .bss.TIMG6_IRQHandler.temp_right_AB  main.o
    0x2020051e        -       0x00000002   Zero   RW         3148    .bss.UART0_IRQHandler.RX_jisu_static  usart.o
    0x20200520        -       0x00000001   Zero   RW         3149    .bss.UART0_IRQHandler.Rx_Data  usart.o
    0x20200521   COMPRESSED   0x00000001   PAD
    0x20200522        -       0x00000002   Zero   RW         3168    .bss.WuCha_Munber   xunji.o
    0x20200524        -       0x0000001c   Zero   RW         3104    .bss.XunJi_error    motor.o
    0x20200540        -       0x00000004   Zero   RW         2802    .bss.Yaw            main.o
    0x20200544        -       0x0000001c   Zero   RW         3100    .bss.Zhixian        motor.o
    0x20200560        -       0x00000006   Zero   RW         3335    .bss.accel          mpu6050.o
    0x20200566   COMPRESSED   0x00000002   PAD
    0x20200568        -       0x00000010   Zero   RW         3513    .bss.dmp            inv_mpu_dmp_motion_driver.o
    0x20200578        -       0x000000a0   Zero   RW         2954    .bss.gPWM_0Backup   ti_msp_dl_config.o
    0x20200618        -       0x00000028   Zero   RW         2958    .bss.gSPI_1Backup   ti_msp_dl_config.o
    0x20200640        -       0x000000a0   Zero   RW         2957    .bss.gTIMER_0Backup  ti_msp_dl_config.o
    0x202006e0        -       0x000000bc   Zero   RW         2955    .bss.gleft_CAP_ABackup  ti_msp_dl_config.o
    0x2020079c        -       0x000000bc   Zero   RW         2956    .bss.gleft_CAP_BBackup  ti_msp_dl_config.o
    0x20200858        -       0x00000006   Zero   RW         3334    .bss.gyro           mpu6050.o
    0x2020085e   COMPRESSED   0x00000002   PAD
    0x20200860        -       0x00000004   Zero   RW         2805    .bss.kkkkkkkk       main.o
    0x20200864        -       0x00000002   Zero   RW         3092    .bss.left_ZhuanSu   motor.o
    0x20200866        -       0x00000002   Zero   RW         2798    .bss.left_cap       main.o
    0x20200868        -       0x00000001   Zero   RW         3340    .bss.more           mpu6050.o
    0x20200869   COMPRESSED   0x00000001   PAD
    0x2020086a        -       0x00000002   Zero   RW         3101    .bss.motor_run_xunji.left_last  motor.o
    0x2020086c        -       0x00000002   Zero   RW         3102    .bss.motor_run_xunji.right_last  motor.o
    0x2020086e        -       0x00000002   Zero   RW         3105    .bss.motor_run_xunji2.left_last  motor.o
    0x20200870        -       0x00000002   Zero   RW         3106    .bss.motor_run_xunji2.right_last  motor.o
    0x20200872        -       0x00000001   Zero   RW         3097    .bss.motor_stop.motor_stop_flag  motor.o
    0x20200873   COMPRESSED   0x00000001   PAD
    0x20200874        -       0x0000001c   Zero   RW         3098    .bss.pid_left       motor.o
    0x20200890        -       0x0000001c   Zero   RW         3099    .bss.pid_right      motor.o
    0x202008ac        -       0x00000002   Zero   RW         3093    .bss.right_ZhuanSu  motor.o
    0x202008ae        -       0x00000002   Zero   RW         2799    .bss.right_cap      main.o
    0x202008b0        -       0x00000002   Zero   RW         3336    .bss.sensors        mpu6050.o
    0x202008b2   COMPRESSED   0x00000002   PAD
    0x202008b4        -       0x00000004   Zero   RW         3096    .bss.start_Yaw      motor.o
    0x202008b8        -       0x00000002   Zero   RW         3166    .bss.temp_left_w    xunji.o
    0x202008ba        -       0x00000002   Zero   RW         3167    .bss.temp_right_w   xunji.o
    0x202008bc   COMPRESSED   0x00000004   PAD
    0x202008c0        -       0x00000a00   Zero   RW            1    STACK               startup_mspm0g350x_uvision.o



  Load Region LR_BCR (Base: 0x41c00000, Size: 0x00000000, Max: 0x00000100, ABSOLUTE)

    Execution Region BCR_CONFIG (Exec base: 0x41c00000, Load base: 0x41c00000, Size: 0x00000000, Max: 0x000000ff, ABSOLUTE)

    **** No section assigned to this execution region ****



  Load Region LR_BSL (Base: 0x41c00100, Size: 0x00000000, Max: 0x00000100, ABSOLUTE)

    Execution Region BSL_CONFIG (Exec base: 0x41c00100, Load base: 0x41c00100, Size: 0x00000000, Max: 0x00000080, ABSOLUTE)

    **** No section assigned to this execution region ****


==============================================================================

Image component sizes


      Code (inc. data)   RO Data    RW Data    ZI Data      Debug   Object Name

        20          0          0          0          0        709   dl_common.o
       148         12          0          0          0      10777   dl_spi.o
       640         48          0          0          0      10935   dl_sysctl_mspm0g1x0x_g3x0x.o
      1640        200          0          0          0      24812   dl_timer.o
       170          8          0          0          0      10821   dl_uart.o
      1670         12          0          0          0       9090   iic.o
      7552        348        226         44          0      19812   inv_mpu.o
      3642        224       3062          0         16       9191   inv_mpu_dmp_motion_driver.o
       218         16          0          0          3       4344   key.o
      2938         44       1520       1140          0      10836   lcd.o
      1998        248         42          0         30      10757   main.o
      5764        424          0          4        137      13769   motor.o
      1878        128        297          9         27       6537   mpu6050.o
      1400        108          0          0         12       5593   pid.o
        20          4        192          0       2560        680   startup_mspm0g350x_uvision.o
      2972        280        213          0        736      35858   ti_msp_dl_config.o
       454         44          0          0         45       6680   usart.o
       362         12          0          0          6       4327   xunji.o

    ----------------------------------------------------------------------
     33504       2160       5596       1200       3592     195528   Object Totals
         0          0         32          0          0          0   (incl. Generated)
        18          0         12          3         20          0   (incl. Padding)

    ----------------------------------------------------------------------

      Code (inc. data)   RO Data    RW Data    ZI Data      Debug   Library Member Name

       628         54         80          0          0        104   asin.o
       540         68        152          0          0        112   atan.o
       412         40          0          0          0        144   atan2.o
        54          6          0          0          0        272   dunder.o
        44          4          0          0          0         60   fpclassify.o
       172          0          0          0          0         76   poly.o
         0          0          8          0          0          0   qnan.o
        72          6          0          0          0         76   sqrt.o
        86          0          0          0          0          0   __dczerorl2.o
         0          0          0          0          0          0   entry.o
         0          0          0          0          0          0   entry10a.o
         0          0          0          0          0          0   entry11a.o
         8          4          0          0          0          0   entry2.o
         4          0          0          0          0          0   entry5.o
         0          0          0          0          0          0   entry7b.o
         0          0          0          0          0          0   entry8b.o
         8          4          0          0          0          0   entry9a.o
        12          6          0          4          0         60   errno.o
        30          0          0          0          0          0   handlers.o
        80          6          0          0          0         72   idiv_div0.o
        48         10          0          0          0         68   init.o
         0          0          0          0          0          0   iusefp.o
        76          0          0          0          0         76   ldiv.o
        48          0          0          0          0         72   llmul.o
        32          0          0          0          0         68   llshl.o
        38          0          0          0          0         68   llsshr.o
        34          0          0          0          0         68   llushr.o
        26          0          0          0          0         72   memcmp.o
      2252         98          0          0          0        412   printfa.o
         0          0          0          4          0          0   stdout.o
        62          0          0          0          0         72   uidiv_div0.o
        96          0          0          0          0         84   uldiv.o
        40          2          0          0          0         68   cdcmple.o
        40          2          0          0          0         68   cdrcmple.o
        56          0          0          0          0         68   d2f.o
       356          4          0          0          0        140   dadd.o
       240          6          0          0          0         84   ddiv.o
       236          0          0          0          0        216   depilogue.o
        72         10          0          0          0         72   dfixi.o
        64         10          0          0          0         68   dfixul.o
        40          6          0          0          0         68   dflti.o
       208          6          0          0          0         88   dmul.o
        44          0          0          0          0         72   dscalb.o
       162          0          0          0          0         80   dsqrt.o
        40          0          0          0          0         60   f2d.o
       178          0          0          0          0        108   fadd.o
        28          0          0          0          0         60   fcmpeq.o
        28          0          0          0          0         60   fcmpge.o
        28          0          0          0          0         60   fcmple.o
        28          0          0          0          0         60   fcmplt.o
       124          0          0          0          0         72   fdiv.o
       130          0          0          0          0        144   fepilogue.o
        50          0          0          0          0         60   ffixi.o
        22          0          0          0          0         68   fflti.o
        14          0          0          0          0         68   ffltui.o
       122          0          0          0          0         72   fmul.o

    ----------------------------------------------------------------------
      7240        360        240          8          0       4020   Library Totals
        28          8          0          0          0          0   (incl. Padding)

    ----------------------------------------------------------------------

      Code (inc. data)   RO Data    RW Data    ZI Data      Debug   Library Name

      1922        178        240          0          0        844   m_ps.l
      2940        128          0          8          0       1192   mc_p.l
      2350         46          0          0          0       1984   mf_p.l

    ----------------------------------------------------------------------
      7240        360        240          8          0       4020   Library Totals

    ----------------------------------------------------------------------

==============================================================================


      Code (inc. data)   RO Data    RW Data    ZI Data      Debug   

     40744       2520       5836       1208       3592     197324   Grand Totals
     40744       2520       5836        632       3592     197324   ELF Image Totals (compressed)
     40744       2520       5836        632          0          0   ROM Totals

==============================================================================

    Total RO  Size (Code + RO Data)                46580 (  45.49kB)
    Total RW  Size (RW Data + ZI Data)              4800 (   4.69kB)
    Total ROM Size (Code + RO Data + RW Data)      47212 (  46.11kB)

==============================================================================

